Microsoft Windows [Version 10.0.19042.1083]
(c) Microsoft Corporation. All rights reserved.

C:\Users\anike>cd C:\Program Files\MySQL\MySQL Server 8.0\bin

C:\Program Files\MySQL\MySQL Server 8.0\bin>mysql -u root -p]
mysql: [Warning] Using a password on the command line interface can be insecure.
ERROR 1045 (28000): Access denied for user 'root'@'localhost' (using password: YES)

C:\Program Files\MySQL\MySQL Server 8.0\bin>mysql -u root -p
Enter password: ***********
Welcome to the MySQL monitor.  Commands end with ; or \g.
Your MySQL connection id is 32
Server version: 8.0.26 MySQL Community Server - GPL

Copyright (c) 2000, 2021, Oracle and/or its affiliates.

Oracle is a registered trademark of Oracle Corporation and/or its
affiliates. Other names may be trademarks of their respective
owners.

Type 'help;' or '\h' for help. Type '\c' to clear the current input statement.

mysql> show databases;
+--------------------+
| Database           |
+--------------------+
| information_schema |
| mysql              |
| performance_schema |
| sakila             |
| student            |
| studentdb          |
| sys                |
| tutorials          |
| world              |
+--------------------+
9 rows in set (0.18 sec)

mysql> use student
Database changed
mysql> show tables;
Empty set (0.03 sec)

mysql> create table table_Student();
ERROR 1064 (42000): You have an error in your SQL syntax; check the manual that corresponds to your MySQL server version for the right syntax to use near ')' at line 1
mysql> CREATE TABLE ss1(
    -> )
    -> ;
ERROR 1064 (42000): You have an error in your SQL syntax; check the manual that corresponds to your MySQL server version for the right syntax to use near ')' at line 2
mysql> CREATE TABLE ss1( name varchar(20));
Query OK, 0 rows affected (1.94 sec)

mysql> CREATE TABLE SS2( );
ERROR 1064 (42000): You have an error in your SQL syntax; check the manual that corresponds to your MySQL server version for the right syntax to use near ')' at line 1
mysql> desc ss1;
+-------+-------------+------+-----+---------+-------+
| Field | Type        | Null | Key | Default | Extra |
+-------+-------------+------+-----+---------+-------+
| name  | varchar(20) | YES  |     | NULL    |       |
+-------+-------------+------+-----+---------+-------+
1 row in set (0.14 sec)

mysql> ALTER TABLE ss1
    -> MODIFY name varchar(30) NOT NULL;
Query OK, 0 rows affected (3.53 sec)
Records: 0  Duplicates: 0  Warnings: 0

mysql> desc ss1;
+-------+-------------+------+-----+---------+-------+
| Field | Type        | Null | Key | Default | Extra |
+-------+-------------+------+-----+---------+-------+
| name  | varchar(30) | NO   |     | NULL    |       |
+-------+-------------+------+-----+---------+-------+
1 row in set (0.02 sec)

mysql> ALTER TABLE ss1
    -> CHANGE COLUMN name fullname varchar(30) not mull;
ERROR 1064 (42000): You have an error in your SQL syntax; check the manual that corresponds to your MySQL server version for the right syntax to use near 'mull' at line 2
mysql> desc ss1;
+-------+-------------+------+-----+---------+-------+
| Field | Type        | Null | Key | Default | Extra |
+-------+-------------+------+-----+---------+-------+
| name  | varchar(30) | NO   |     | NULL    |       |
+-------+-------------+------+-----+---------+-------+
1 row in set (0.00 sec)

mysql> ALTER TABLE ss1
    -> CHANGE COLUMN name fname
    -> varchar(30) NOT NULL;
Query OK, 0 rows affected (0.20 sec)
Records: 0  Duplicates: 0  Warnings: 0

mysql> desc ss1;
+-------+-------------+------+-----+---------+-------+
| Field | Type        | Null | Key | Default | Extra |
+-------+-------------+------+-----+---------+-------+
| fname | varchar(30) | NO   |     | NULL    |       |
+-------+-------------+------+-----+---------+-------+
1 row in set (0.12 sec)

mysql> ALTER TABLE ss1
    -> RENAME TO Student1;
Query OK, 0 rows affected (1.20 sec)

mysql> desc ss1;
ERROR 1146 (42S02): Table 'student.ss1' doesn't exist
mysql> desc Student1;
+-------+-------------+------+-----+---------+-------+
| Field | Type        | Null | Key | Default | Extra |
+-------+-------------+------+-----+---------+-------+
| fname | varchar(30) | NO   |     | NULL    |       |
+-------+-------------+------+-----+---------+-------+
1 row in set (0.41 sec)

mysql> CREATE DATABASE user_ass1;
Query OK, 1 row affected (0.12 sec)

mysql> show databases;
+--------------------+
| Database           |
+--------------------+
| information_schema |
| mysql              |
| performance_schema |
| sakila             |
| student            |
| sys                |
| tutorials          |
| user_ass1          |
| world              |
+--------------------+
9 rows in set (0.02 sec)

mysql> use user_ass1;
Database changed
mysql> CREATE TABLE userInfo;
ERROR 4028 (HY000): A table must have at least one visible column.
mysql> CREATE TABLE userInfo(id INT NOT NULL,
    -> name varchar(20),
    -> email varchar(30) UNIQUE,
    -> contact varchar(10) UNIQUE);
Query OK, 0 rows affected (1.75 sec)

mysql> desc userInfo;
+---------+-------------+------+-----+---------+-------+
| Field   | Type        | Null | Key | Default | Extra |
+---------+-------------+------+-----+---------+-------+
| id      | int         | NO   |     | NULL    |       |
| name    | varchar(20) | YES  |     | NULL    |       |
| email   | varchar(30) | YES  | UNI | NULL    |       |
| contact | varchar(10) | YES  | UNI | NULL    |       |
+---------+-------------+------+-----+---------+-------+
4 rows in set (0.47 sec)

mysql> INSERT INTO userInfo VALUES(1,'Aniket Raj','araj@vibrenthealth.com','9709550684');
Query OK, 1 row affected (4.13 sec)

mysql> INSERT INTO userInfo VALUES(2,'Nikhil Raj','araj@vibrenthealth.com','9709550684');
ERROR 1062 (23000): Duplicate entry 'araj@vibrenthealth.com' for key 'userinfo.email'
mysql> INSERT INTO userInfo VALUES(2,'Nikhil Raj','nraj@vibrenthealth.com','9709550684');
ERROR 1062 (23000): Duplicate entry '9709550684' for key 'userinfo.contact'
mysql> INSERT INTO userInfo VALUES(2,'Nikhil Raj','nraj@vibrenthealth.com','8340178386');
Query OK, 1 row affected (0.22 sec)

mysql> select * from userInfo;
+----+------------+------------------------+------------+
| id | name       | email                  | contact    |
+----+------------+------------------------+------------+
|  1 | Aniket Raj | araj@vibrenthealth.com | 9709550684 |
|  2 | Nikhil Raj | nraj@vibrenthealth.com | 8340178386 |
+----+------------+------------------------+------------+
2 rows in set (0.00 sec)

mysql> show full tables;
+---------------------+------------+
| Tables_in_user_ass1 | Table_type |
+---------------------+------------+
| userinfo            | BASE TABLE |
+---------------------+------------+
1 row in set (0.10 sec)

mysql> show tables from userInfo;
ERROR 1049 (42000): Unknown database 'userinfo'
mysql> show tables from userInfo;
ERROR 1049 (42000): Unknown database 'userinfo'
mysql> show tables from user_ass1;
+---------------------+
| Tables_in_user_ass1 |
+---------------------+
| userinfo            |
+---------------------+
1 row in set (0.00 sec)

mysql> show databases;
+--------------------+
| Database           |
+--------------------+
| information_schema |
| mysql              |
| performance_schema |
| sakila             |
| student            |
| sys                |
| tutorials          |
| user_ass1          |
| world              |
+--------------------+
9 rows in set (0.05 sec)

mysql> show tables in student;
+-------------------+
| Tables_in_student |
+-------------------+
| student1          |
+-------------------+
1 row in set (0.00 sec)

mysql> desc student;
ERROR 1146 (42S02): Table 'user_ass1.student' doesn't exist
mysql> use student;
Database changed
mysql> desc student1;
+-------+-------------+------+-----+---------+-------+
| Field | Type        | Null | Key | Default | Extra |
+-------+-------------+------+-----+---------+-------+
| fname | varchar(30) | NO   |     | NULL    |       |
+-------+-------------+------+-----+---------+-------+
1 row in set (0.04 sec)

mysql> RENAME TABLE student1 TO student11;
Query OK, 0 rows affected (1.03 sec)

mysql> use user_ass1
Database changed
mysql> show tables
    -> ;
+---------------------+
| Tables_in_user_ass1 |
+---------------------+
| userinfo            |
+---------------------+
1 row in set (0.00 sec)

mysql> show full column in userinfo;
ERROR 1064 (42000): You have an error in your SQL syntax; check the manual that corresponds to your MySQL server version for the right syntax to use near 'column in userinfo' at line 1
mysql> show full column in userInfo;
ERROR 1064 (42000): You have an error in your SQL syntax; check the manual that corresponds to your MySQL server version for the right syntax to use near 'column in userInfo' at line 1
mysql> show full column from userInfo;
ERROR 1064 (42000): You have an error in your SQL syntax; check the manual that corresponds to your MySQL server version for the right syntax to use near 'column from userInfo' at line 1
mysql> show full columns from userInfo;
+---------+-------------+--------------------+------+-----+---------+-------+---------------------------------+---------+
| Field   | Type        | Collation          | Null | Key | Default | Extra | Privileges                      | Comment |
+---------+-------------+--------------------+------+-----+---------+-------+---------------------------------+---------+
| id      | int         | NULL               | NO   |     | NULL    |       | select,insert,update,references |         |
| name    | varchar(20) | utf8mb4_0900_ai_ci | YES  |     | NULL    |       | select,insert,update,references |         |
| email   | varchar(30) | utf8mb4_0900_ai_ci | YES  | UNI | NULL    |       | select,insert,update,references |         |
| contact | varchar(10) | utf8mb4_0900_ai_ci | YES  | UNI | NULL    |       | select,insert,update,references |         |
+---------+-------------+--------------------+------+-----+---------+-------+---------------------------------+---------+
4 rows in set (0.00 sec)

mysql> show tables from student;
+-------------------+
| Tables_in_student |
+-------------------+
| student11         |
+-------------------+
1 row in set (0.00 sec)

mysql> CREATE TABLE user_ass1.studentClone LIKE student.student11;
Query OK, 0 rows affected (1.78 sec)

mysql> INSERT user_ass1.studentClone SELECT * FROM student.student11;
Query OK, 0 rows affected (1.24 sec)
Records: 0  Duplicates: 0  Warnings: 0

mysql> show tables from user_ass1;
+---------------------+
| Tables_in_user_ass1 |
+---------------------+
| studentclone        |
| userinfo            |
+---------------------+
2 rows in set (0.00 sec)

mysql> show columns in userInfo;
+---------+-------------+------+-----+---------+-------+
| Field   | Type        | Null | Key | Default | Extra |
+---------+-------------+------+-----+---------+-------+
| id      | int         | NO   |     | NULL    |       |
| name    | varchar(20) | YES  |     | NULL    |       |
| email   | varchar(30) | YES  | UNI | NULL    |       |
| contact | varchar(10) | YES  | UNI | NULL    |       |
+---------+-------------+------+-----+---------+-------+
4 rows in set (0.04 sec)

mysql> show full columns in userInfo;
+---------+-------------+--------------------+------+-----+---------+-------+---------------------------------+---------+
| Field   | Type        | Collation          | Null | Key | Default | Extra | Privileges                      | Comment |
+---------+-------------+--------------------+------+-----+---------+-------+---------------------------------+---------+
| id      | int         | NULL               | NO   |     | NULL    |       | select,insert,update,references |         |
| name    | varchar(20) | utf8mb4_0900_ai_ci | YES  |     | NULL    |       | select,insert,update,references |         |
| email   | varchar(30) | utf8mb4_0900_ai_ci | YES  | UNI | NULL    |       | select,insert,update,references |         |
| contact | varchar(10) | utf8mb4_0900_ai_ci | YES  | UNI | NULL    |       | select,insert,update,references |         |
+---------+-------------+--------------------+------+-----+---------+-------+---------------------------------+---------+
4 rows in set (0.00 sec)

mysql> show databases;
+--------------------+
| Database           |
+--------------------+
| information_schema |
| mysql              |
| performance_schema |
| sakila             |
| student            |
| sys                |
| tutorials          |
| user_ass1          |
| world              |
+--------------------+
9 rows in set (0.03 sec)

mysql> show databases;
+--------------------+
| Database           |
+--------------------+
| information_schema |
| mysql              |
| performance_schema |
| sakila             |
| student            |
| sys                |
| tutorials          |
| user_ass1          |
| world              |
+--------------------+
9 rows in set (0.03 sec)

mysql> use user_ass1;
Database changed
mysql> show tables;
+---------------------+
| Tables_in_user_ass1 |
+---------------------+
| studentclone        |
| userinfo            |
+---------------------+
2 rows in set (0.00 sec)

mysql> drop table studentclone;
Query OK, 0 rows affected (2.09 sec)

mysql> show tables;
+---------------------+
| Tables_in_user_ass1 |
+---------------------+
| userinfo            |
+---------------------+
1 row in set (0.00 sec)

mysql> desc userInfo;
+---------+-------------+------+-----+---------+-------+
| Field   | Type        | Null | Key | Default | Extra |
+---------+-------------+------+-----+---------+-------+
| id      | int         | NO   |     | NULL    |       |
| name    | varchar(20) | YES  |     | NULL    |       |
| email   | varchar(30) | YES  | UNI | NULL    |       |
| contact | varchar(10) | YES  | UNI | NULL    |       |
+---------+-------------+------+-----+---------+-------+
4 rows in set (0.00 sec)

mysql> show full columns userInfo;
ERROR 1064 (42000): You have an error in your SQL syntax; check the manual that corresponds to your MySQL server version for the right syntax to use near 'userInfo' at line 1
mysql> show full column userInfo;
ERROR 1064 (42000): You have an error in your SQL syntax; check the manual that corresponds to your MySQL server version for the right syntax to use near 'column userInfo' at line 1
mysql> show full columns in userInfo;
+---------+-------------+--------------------+------+-----+---------+-------+---------------------------------+---------+
| Field   | Type        | Collation          | Null | Key | Default | Extra | Privileges                      | Comment |
+---------+-------------+--------------------+------+-----+---------+-------+---------------------------------+---------+
| id      | int         | NULL               | NO   |     | NULL    |       | select,insert,update,references |         |
| name    | varchar(20) | utf8mb4_0900_ai_ci | YES  |     | NULL    |       | select,insert,update,references |         |
| email   | varchar(30) | utf8mb4_0900_ai_ci | YES  | UNI | NULL    |       | select,insert,update,references |         |
| contact | varchar(10) | utf8mb4_0900_ai_ci | YES  | UNI | NULL    |       | select,insert,update,references |         |
+---------+-------------+--------------------+------+-----+---------+-------+---------------------------------+---------+
4 rows in set (0.00 sec)

mysql> select * from userInfo;
+----+------------+------------------------+------------+
| id | name       | email                  | contact    |
+----+------------+------------------------+------------+
|  1 | Aniket Raj | araj@vibrenthealth.com | 9709550684 |
|  2 | Nikhil Raj | nraj@vibrenthealth.com | 8340178386 |
+----+------------+------------------------+------------+
2 rows in set (0.04 sec)

mysql> INSERT INTO userInfo VALUES(3,'Alok Bhawankar','araj@vibrenthealth.com','7654747756');
ERROR 1062 (23000): Duplicate entry 'araj@vibrenthealth.com' for key 'userinfo.email'
mysql> INSERT INTO userInfo VALUES(3,'Alok Bhawankar','abhawkar@vibrenthealth.com','7654747756');
Query OK, 1 row affected (0.64 sec)

mysql> select * from userInfo;
+----+----------------+----------------------------+------------+
| id | name           | email                      | contact    |
+----+----------------+----------------------------+------------+
|  1 | Aniket Raj     | araj@vibrenthealth.com     | 9709550684 |
|  2 | Nikhil Raj     | nraj@vibrenthealth.com     | 8340178386 |
|  3 | Alok Bhawankar | abhawkar@vibrenthealth.com | 7654747756 |
+----+----------------+----------------------------+------------+
3 rows in set (0.00 sec)

mysql> ^C
mysql> create database Academy;
Query OK, 1 row affected (0.24 sec)

mysql> use Academy;
Database changed
mysql> CREATE TABLE Students(
    -> student_id INT NOT NULL,
    -> Student_Name varchar(20) NOT NULL,
    -> Primary Key(student_id)
    -> );
Query OK, 0 rows affected (1.16 sec)

mysql> CREATE TABLE Course(
    -> Course_Code INT NOT NULL,
    -> Course_Name varchar(20) NOT NULL,
    -> Primary Key(Course_Code)
    -> );
Query OK, 0 rows affected (0.59 sec)

mysql> CREATE TABLE StudentAllotCourse(
    -> Course_Code INT NOT NULL,
    -> Student_id INT NOT NULL,
    -> Marks INT ,
    -> FOREIGN KEY Course_Code REFERENCES Course(Course_Code),
    -> FOREIGN KEY Student_id REFERENCES Student(student_id),
    -> PRIMARY KEY(Course_Code,Student_id)
    -> );
ERROR 1064 (42000): You have an error in your SQL syntax; check the manual that corresponds to your MySQL server version for the right syntax to use near 'REFERENCES Course(Course_Code),
FOREIGN KEY Student_id REFERENCES Student(studen' at line 5
mysql> CREATE TABLE StudentAllotCourse(
    -> Course_Code INT NOT NULL,
    -> Student_id INT NOT NULL,
    -> Marks INT ,
    -> FOREIGN KEY Course_Code REFERENCES Course(Course_Code),
    -> FOREIGN KEY Student_id REFERENCES Students(student_id),
    -> PRIMARY KEY(Course_Code,Student_id)
    -> );
ERROR 1064 (42000): You have an error in your SQL syntax; check the manual that corresponds to your MySQL server version for the right syntax to use near 'REFERENCES Course(Course_Code),
FOREIGN KEY Student_id REFERENCES Students(stude' at line 5
mysql> CREATE TABLE StudentCourse(
    -> C_id INT NOT NULL,
    -> S_id INT NOT NULL,
    -> Marks INT,
    -> FOREIGN KEY S_id REFERENCES Students(student_id),
    -> FOREIGN KEY C_id REFERECNES Course(Course_Code),
    -> PRIMARY KEY(C_id,S_id));
ERROR 1064 (42000): You have an error in your SQL syntax; check the manual that corresponds to your MySQL server version for the right syntax to use near 'REFERENCES Students(student_id),
FOREIGN KEY C_id REFERECNES Course(Course_Code)' at line 5
mysql> CREATE TABLE StudentAllotCourse(
    -> Course_Code INT NOT NULL,
    -> Student_id INT NOT NULL,
    -> Marks INT ,
    -> FOREIGN KEY Course_Code REFERENCES Course(Course_Code) ON DELETE RESTRICT ON UPDATE CASCADE,
    -> FOREIGN KEY Student_id REFERENCES Students(student_id) ON DELETE RESTRICT ON UPDATE CASCADE,
    -> PRIMARY KEY(Course_Code,Student_id)
    -> );
ERROR 1064 (42000): You have an error in your SQL syntax; check the manual that corresponds to your MySQL server version for the right syntax to use near 'REFERENCES Course(Course_Code) ON DELETE RESTRICT ON UPDATE CASCADE,
FOREIGN KEY' at line 5
mysql> show tables;
+-------------------+
| Tables_in_academy |
+-------------------+
| course            |
| students          |
+-------------------+
2 rows in set (0.04 sec)

mysql> CREATE TABLE StudentAllotCourse(
    -> Course_Code INT NOT NULL,
    -> Student_id INT NOT NULL,
    -> Marks INT );
Query OK, 0 rows affected (0.59 sec)

mysql> ALTER TABLE StudentAllotCourse
    -> ADD FOREIGN KEY Course_Code REFERENCES Course(Course_Code);
ERROR 1064 (42000): You have an error in your SQL syntax; check the manual that corresponds to your MySQL server version for the right syntax to use near 'REFERENCES Course(Course_Code)' at line 2
mysql> CREATE TABLE StudentAllotCourse(
    -> Course_Code INT NOT NULL,
    -> Student_id INT NOT NULL,
    -> Marks INT ,
    -> PRIMARY KEY(Course_Code,Student_id),
    -> FOREIGN KEY Course_Code REFERENCES Course(Course_Code),
    -> FOREIGN KEY Student_id REFERENCES Students(student_id)
    ->
    -> );
ERROR 1064 (42000): You have an error in your SQL syntax; check the manual that corresponds to your MySQL server version for the right syntax to use near 'REFERENCES Course(Course_Code),
FOREIGN KEY Student_id REFERENCES Students(stude' at line 6
mysql> show full columns in students;
+--------------+-------------+--------------------+------+-----+---------+-------+---------------------------------+---------+
| Field        | Type        | Collation          | Null | Key | Default | Extra | Privileges                      | Comment |
+--------------+-------------+--------------------+------+-----+---------+-------+---------------------------------+---------+
| student_id   | int         | NULL               | NO   | PRI | NULL    |       | select,insert,update,references |         |
| Student_Name | varchar(20) | utf8mb4_0900_ai_ci | NO   |     | NULL    |       | select,insert,update,references |         |
+--------------+-------------+--------------------+------+-----+---------+-------+---------------------------------+---------+
2 rows in set (0.04 sec)

mysql> show tables;
+--------------------+
| Tables_in_academy  |
+--------------------+
| course             |
| studentallotcourse |
| students           |
+--------------------+
3 rows in set (0.00 sec)

mysql> show columns in studentallotcourse;
+-------------+------+------+-----+---------+-------+
| Field       | Type | Null | Key | Default | Extra |
+-------------+------+------+-----+---------+-------+
| Course_Code | int  | NO   |     | NULL    |       |
| Student_id  | int  | NO   |     | NULL    |       |
| Marks       | int  | YES  |     | NULL    |       |
+-------------+------+------+-----+---------+-------+
3 rows in set (0.00 sec)

mysql> ALTER TABLE StudentAllotCourse
    -> ADD PRIMARY KEY(Course_Code,Student_id);
Query OK, 0 rows affected (1.99 sec)
Records: 0  Duplicates: 0  Warnings: 0

mysql> show columns in studentallotcourse;
+-------------+------+------+-----+---------+-------+
| Field       | Type | Null | Key | Default | Extra |
+-------------+------+------+-----+---------+-------+
| Course_Code | int  | NO   | PRI | NULL    |       |
| Student_id  | int  | NO   | PRI | NULL    |       |
| Marks       | int  | YES  |     | NULL    |       |
+-------------+------+------+-----+---------+-------+
3 rows in set (0.01 sec)

mysql> ALTER TABLE StudentAllotCourse
    -> ADD FOREIGN KEY Course_Code REFERENCES Course(Course_Code);
ERROR 1064 (42000): You have an error in your SQL syntax; check the manual that corresponds to your MySQL server version for the right syntax to use near 'REFERENCES Course(Course_Code)' at line 2
mysql> ALTER TABLE StudentAllotCourse
    -> FOREIGN KEY (Course_Code) REFERENCES Course(Course_Code);
ERROR 1064 (42000): You have an error in your SQL syntax; check the manual that corresponds to your MySQL server version for the right syntax to use near 'FOREIGN KEY (Course_Code) REFERENCES Course(Course_Code)' at line 2
mysql> ALTER TABLE StudentAllotCourse
    -> ADD FOREIGN KEY (Course_Code) REFERENCES Course(Course_Code);
Query OK, 0 rows affected (3.78 sec)
Records: 0  Duplicates: 0  Warnings: 0

mysql> ALTER TABLE StudentAllotCourse
    -> ADD FOREIGN KEY (Student_id) REFERENCES Students(student_id);
Query OK, 0 rows affected (1.66 sec)
Records: 0  Duplicates: 0  Warnings: 0

mysql> show tables;
+--------------------+
| Tables_in_academy  |
+--------------------+
| course             |
| studentallotcourse |
| students           |
+--------------------+
3 rows in set (1.41 sec)

mysql> show columns in students;
+--------------+-------------+------+-----+---------+-------+
| Field        | Type        | Null | Key | Default | Extra |
+--------------+-------------+------+-----+---------+-------+
| student_id   | int         | NO   | PRI | NULL    |       |
| Student_Name | varchar(20) | NO   |     | NULL    |       |
+--------------+-------------+------+-----+---------+-------+
2 rows in set (0.03 sec)

mysql> desc students;
+--------------+-------------+------+-----+---------+-------+
| Field        | Type        | Null | Key | Default | Extra |
+--------------+-------------+------+-----+---------+-------+
| student_id   | int         | NO   | PRI | NULL    |       |
| Student_Name | varchar(20) | NO   |     | NULL    |       |
+--------------+-------------+------+-----+---------+-------+
2 rows in set (0.00 sec)

mysql> show full columns in students;
+--------------+-------------+--------------------+------+-----+---------+-------+---------------------------------+---------+
| Field        | Type        | Collation          | Null | Key | Default | Extra | Privileges                      | Comment |
+--------------+-------------+--------------------+------+-----+---------+-------+---------------------------------+---------+
| student_id   | int         | NULL               | NO   | PRI | NULL    |       | select,insert,update,references |         |
| Student_Name | varchar(20) | utf8mb4_0900_ai_ci | NO   |     | NULL    |       | select,insert,update,references |         |
+--------------+-------------+--------------------+------+-----+---------+-------+---------------------------------+---------+
2 rows in set (0.00 sec)

mysql> show full columns in COurse;
+-------------+-------------+--------------------+------+-----+---------+-------+---------------------------------+---------+
| Field       | Type        | Collation          | Null | Key | Default | Extra | Privileges                      | Comment |
+-------------+-------------+--------------------+------+-----+---------+-------+---------------------------------+---------+
| Course_Code | int         | NULL               | NO   | PRI | NULL    |       | select,insert,update,references |         |
| Course_Name | varchar(20) | utf8mb4_0900_ai_ci | NO   |     | NULL    |       | select,insert,update,references |         |
+-------------+-------------+--------------------+------+-----+---------+-------+---------------------------------+---------+
2 rows in set (0.00 sec)

mysql> show full columns in studentallotcourse;
+-------------+------+-----------+------+-----+---------+-------+---------------------------------+---------+
| Field       | Type | Collation | Null | Key | Default | Extra | Privileges                      | Comment |
+-------------+------+-----------+------+-----+---------+-------+---------------------------------+---------+
| Course_Code | int  | NULL      | NO   | PRI | NULL    |       | select,insert,update,references |         |
| Student_id  | int  | NULL      | NO   | PRI | NULL    |       | select,insert,update,references |         |
| Marks       | int  | NULL      | YES  |     | NULL    |       | select,insert,update,references |         |
+-------------+------+-----------+------+-----+---------+-------+---------------------------------+---------+
3 rows in set (0.10 sec)

mysql> INSERT INTO students values(1,'Aniket Raj');
Query OK, 1 row affected (0.20 sec)

mysql> INSERT INTO students values(2,'Nikhil Raj),(3,'Rishav Raj');
    '> ;
    '> ^C
mysql> select * from students;
+------------+--------------+
| student_id | Student_Name |
+------------+--------------+
|          1 | Aniket Raj   |
+------------+--------------+
1 row in set (0.00 sec)

mysql> INSERT INTO students values(2,'Nikhil Raj);
    '> ^C
mysql> INSERT INTO students values(2,'Nikhil Raj'),(3,'Rishav Raj');
Query OK, 2 rows affected (0.21 sec)
Records: 2  Duplicates: 0  Warnings: 0

mysql> select * from students;
+------------+--------------+
| student_id | Student_Name |
+------------+--------------+
|          1 | Aniket Raj   |
|          2 | Nikhil Raj   |
|          3 | Rishav Raj   |
+------------+--------------+
3 rows in set (0.00 sec)

mysql> INSERT INTO students values(4,'Gaurav Kakade'),(5,'Aditya Sharma'),(6,'Praful');
Query OK, 3 rows affected (0.14 sec)
Records: 3  Duplicates: 0  Warnings: 0

mysql> select * from students;
+------------+---------------+
| student_id | Student_Name  |
+------------+---------------+
|          1 | Aniket Raj    |
|          2 | Nikhil Raj    |
|          3 | Rishav Raj    |
|          4 | Gaurav Kakade |
|          5 | Aditya Sharma |
|          6 | Praful        |
+------------+---------------+
6 rows in set (0.00 sec)

mysql> show databses;
ERROR 1064 (42000): You have an error in your SQL syntax; check the manual that corresponds to your MySQL server version for the right syntax to use near 'databses' at line 1
mysql> show databases;
+--------------------+
| Database           |
+--------------------+
| academy            |
| information_schema |
| mysql              |
| performance_schema |
| sakila             |
| student            |
| sys                |
| tutorials          |
| user_ass1          |
| world              |
+--------------------+
10 rows in set (0.06 sec)

mysql> use academy;
Database changed
mysql> show tables;
+--------------------+
| Tables_in_academy  |
+--------------------+
| course             |
| studentallotcourse |
| students           |
+--------------------+
3 rows in set (0.11 sec)

mysql> alter table studentallotcourse
    -> rename to student_alloted_course;
Query OK, 0 rows affected (1.24 sec)

mysql> show tables;
+------------------------+
| Tables_in_academy      |
+------------------------+
| course                 |
| student_alloted_course |
| students               |
+------------------------+
3 rows in set (0.00 sec)

mysql> desc course;
+-------------+-------------+------+-----+---------+-------+
| Field       | Type        | Null | Key | Default | Extra |
+-------------+-------------+------+-----+---------+-------+
| Course_Code | int         | NO   | PRI | NULL    |       |
| Course_Name | varchar(20) | NO   |     | NULL    |       |
+-------------+-------------+------+-----+---------+-------+
2 rows in set (0.05 sec)

mysql> alter table course
    -> change column Course_Code course_code;
ERROR 1064 (42000): You have an error in your SQL syntax; check the manual that corresponds to your MySQL server version for the right syntax to use near '' at line 2
mysql> change column Course_Code course_code int ;
ERROR 1064 (42000): You have an error in your SQL syntax; check the manual that corresponds to your MySQL server version for the right syntax to use near 'column Course_Code course_code int' at line 1
mysql> alter table course
    -> change column Course_Code to course_code int ;
ERROR 1064 (42000): You have an error in your SQL syntax; check the manual that corresponds to your MySQL server version for the right syntax to use near 'to course_code int' at line 2
mysql> alter table course
    -> rename column Course_Code to course_code ;
Query OK, 0 rows affected (0.77 sec)
Records: 0  Duplicates: 0  Warnings: 0

mysql> alter table course
    -> rename column Course_Name to course_name;
Query OK, 0 rows affected (0.67 sec)
Records: 0  Duplicates: 0  Warnings: 0

mysql> desc column;
ERROR 1064 (42000): You have an error in your SQL syntax; check the manual that corresponds to your MySQL server version for the right syntax to use near 'column' at line 1
mysql> desc course;
+-------------+-------------+------+-----+---------+-------+
| Field       | Type        | Null | Key | Default | Extra |
+-------------+-------------+------+-----+---------+-------+
| course_code | int         | NO   | PRI | NULL    |       |
| course_name | varchar(20) | NO   |     | NULL    |       |
+-------------+-------------+------+-----+---------+-------+
2 rows in set (0.31 sec)

mysql> show tables;
+------------------------+
| Tables_in_academy      |
+------------------------+
| course                 |
| student_alloted_course |
| students               |
+------------------------+
3 rows in set (0.00 sec)

mysql> desc student_alloted_course;
+-------------+------+------+-----+---------+-------+
| Field       | Type | Null | Key | Default | Extra |
+-------------+------+------+-----+---------+-------+
| Course_Code | int  | NO   | PRI | NULL    |       |
| Student_id  | int  | NO   | PRI | NULL    |       |
| Marks       | int  | YES  |     | NULL    |       |
+-------------+------+------+-----+---------+-------+
3 rows in set (0.00 sec)

mysql> alter table student_alloted_course
    -> drop primary key;
ERROR 1553 (HY000): Cannot drop index 'PRIMARY': needed in a foreign key constraint
mysql> alter table student_alloted_course
    -> drop primary key(Course_Code,Student_id);
ERROR 1064 (42000): You have an error in your SQL syntax; check the manual that corresponds to your MySQL server version for the right syntax to use near '(Course_Code,Student_id)' at line 2
mysql> alter table student_alloted_course
    -> drop foreign key;
ERROR 1064 (42000): You have an error in your SQL syntax; check the manual that corresponds to your MySQL server version for the right syntax to use near '' at line 2
mysql> alter table student_alloted_course
    -> drop primary key;
ERROR 1553 (HY000): Cannot drop index 'PRIMARY': needed in a foreign key constraint
mysql> drop table student_alloted_course;
Query OK, 0 rows affected (0.73 sec)

mysql> show tables;
+-------------------+
| Tables_in_academy |
+-------------------+
| course            |
| students          |
+-------------------+
2 rows in set (0.04 sec)

mysql> create table student_alloted_course(
    -> ind INT AUTO INCREMENT,
    -> course_Code INT NOT NULL,
    -> student_id INT NOT NULL,
    -> Marks INT ,
    -> FOREIGN KEY (course_Code) REFERENCES Course(course_Code),
    -> FOREIGN KEY (student_id) REFERENCES Students(student_id)
    ->
    -> );
ERROR 1064 (42000): You have an error in your SQL syntax; check the manual that corresponds to your MySQL server version for the right syntax to use near 'AUTO INCREMENT,
course_Code INT NOT NULL,
student_id INT NOT NULL,
Marks INT ,
F' at line 2
mysql> show tables;
+-------------------+
| Tables_in_academy |
+-------------------+
| course            |
| students          |
+-------------------+
2 rows in set (0.00 sec)

mysql> create table student_alloted_course
    -> (
    -> ind int not null auto_increment,
    -> course_code int not null,
    -> student_id int not null,
    -> marks int not null,
    -> foreign key(course_code) references course(course_code),
    -> foreign key(student_id) references students(student_id)
    -> );
ERROR 1075 (42000): Incorrect table definition; there can be only one auto column and it must be defined as a key
mysql> create table student_alloted_course
    -> (
    -> ind int not null auto_increment,
    -> course_code int not null,
    -> student_id int not null,
    -> marks int not null,
    -> primary key(ind),
    -> foreign key(course_code) references course(course_code),
    -> foreign key(student_id) references students(student_id)
    -> );
Query OK, 0 rows affected (1.98 sec)

mysql> desc students;
+--------------+-------------+------+-----+---------+-------+
| Field        | Type        | Null | Key | Default | Extra |
+--------------+-------------+------+-----+---------+-------+
| student_id   | int         | NO   | PRI | NULL    |       |
| Student_Name | varchar(20) | NO   |     | NULL    |       |
+--------------+-------------+------+-----+---------+-------+
2 rows in set (1.01 sec)

mysql> alter table students
    -> rename column Student_Name to student_name;
Query OK, 0 rows affected (1.66 sec)
Records: 0  Duplicates: 0  Warnings: 0

mysql> show tables;
+------------------------+
| Tables_in_academy      |
+------------------------+
| course                 |
| student_alloted_course |
| students               |
+------------------------+
3 rows in set (0.02 sec)

mysql> desc students;
+--------------+-------------+------+-----+---------+-------+
| Field        | Type        | Null | Key | Default | Extra |
+--------------+-------------+------+-----+---------+-------+
| student_id   | int         | NO   | PRI | NULL    |       |
| student_name | varchar(20) | NO   |     | NULL    |       |
+--------------+-------------+------+-----+---------+-------+
2 rows in set (0.01 sec)

mysql> desc course;
+-------------+-------------+------+-----+---------+-------+
| Field       | Type        | Null | Key | Default | Extra |
+-------------+-------------+------+-----+---------+-------+
| course_code | int         | NO   | PRI | NULL    |       |
| course_name | varchar(20) | NO   |     | NULL    |       |
+-------------+-------------+------+-----+---------+-------+
2 rows in set (0.00 sec)

mysql> show full columns in student_alloted_course;
+-------------+------+-----------+------+-----+---------+----------------+---------------------------------+---------+
| Field       | Type | Collation | Null | Key | Default | Extra          | Privileges                      | Comment |
+-------------+------+-----------+------+-----+---------+----------------+---------------------------------+---------+
| ind         | int  | NULL      | NO   | PRI | NULL    | auto_increment | select,insert,update,references |         |
| course_code | int  | NULL      | NO   | MUL | NULL    |                | select,insert,update,references |         |
| student_id  | int  | NULL      | NO   | MUL | NULL    |                | select,insert,update,references |         |
| marks       | int  | NULL      | NO   |     | NULL    |                | select,insert,update,references |         |
+-------------+------+-----------+------+-----+---------+----------------+---------------------------------+---------+
4 rows in set (0.01 sec)

mysql> show full columns in student;
ERROR 1146 (42S02): Table 'academy.student' doesn't exist
mysql> show full columns in students;
+--------------+-------------+--------------------+------+-----+---------+-------+---------------------------------+---------+
| Field        | Type        | Collation          | Null | Key | Default | Extra | Privileges                      | Comment |
+--------------+-------------+--------------------+------+-----+---------+-------+---------------------------------+---------+
| student_id   | int         | NULL               | NO   | PRI | NULL    |       | select,insert,update,references |         |
| student_name | varchar(20) | utf8mb4_0900_ai_ci | NO   |     | NULL    |       | select,insert,update,references |         |
+--------------+-------------+--------------------+------+-----+---------+-------+---------------------------------+---------+
2 rows in set (0.00 sec)

mysql> show full columns in course;
+-------------+-------------+--------------------+------+-----+---------+-------+---------------------------------+---------+
| Field       | Type        | Collation          | Null | Key | Default | Extra | Privileges                      | Comment |
+-------------+-------------+--------------------+------+-----+---------+-------+---------------------------------+---------+
| course_code | int         | NULL               | NO   | PRI | NULL    |       | select,insert,update,references |         |
| course_name | varchar(20) | utf8mb4_0900_ai_ci | NO   |     | NULL    |       | select,insert,update,references |         |
+-------------+-------------+--------------------+------+-----+---------+-------+---------------------------------+---------+
2 rows in set (0.00 sec)

mysql> select * from students;
+------------+---------------+
| student_id | student_name  |
+------------+---------------+
|          1 | Aniket Raj    |
|          2 | Nikhil Raj    |
|          3 | Rishav Raj    |
|          4 | Gaurav Kakade |
|          5 | Aditya Sharma |
|          6 | Praful        |
+------------+---------------+
6 rows in set (0.10 sec)

mysql> select * from course;
Empty set (0.11 sec)

mysql> insert into table course values(1,'Machine Learning');
ERROR 1064 (42000): You have an error in your SQL syntax; check the manual that corresponds to your MySQL server version for the right syntax to use near 'table course values(1,'Machine Learning')' at line 1
mysql> insert into  course values(1,'Machine Learning');
Query OK, 1 row affected (0.08 sec)

mysql> alter table course
    -> modify course_code int not null unique;
Query OK, 0 rows affected (1.93 sec)
Records: 0  Duplicates: 0  Warnings: 0

mysql> show full columns in course;
+-------------+-------------+--------------------+------+-----+---------+-------+---------------------------------+---------+
| Field       | Type        | Collation          | Null | Key | Default | Extra | Privileges                      | Comment |
+-------------+-------------+--------------------+------+-----+---------+-------+---------------------------------+---------+
| course_code | int         | NULL               | NO   | PRI | NULL    |       | select,insert,update,references |         |
| course_name | varchar(20) | utf8mb4_0900_ai_ci | NO   |     | NULL    |       | select,insert,update,references |         |
+-------------+-------------+--------------------+------+-----+---------+-------+---------------------------------+---------+
2 rows in set (0.03 sec)

mysql> insert into  course values(1,'Business Intelligence');
ERROR 1406 (22001): Data too long for column 'course_name' at row 1
mysql> insert into  course values(1,'Cloud Computing');
ERROR 1062 (23000): Duplicate entry '1' for key 'course.PRIMARY'
mysql> insert into  course values(2,'Cloud Computing');
Query OK, 1 row affected (0.16 sec)

mysql> alter table students
    -> modify student_id int not null unique;
Query OK, 0 rows affected (1.75 sec)
Records: 0  Duplicates: 0  Warnings: 0

mysql> alter table course
    -> modify course_name varchar(40) not null;
Query OK, 0 rows affected (0.12 sec)
Records: 0  Duplicates: 0  Warnings: 0

mysql> select * from course;
+-------------+------------------+
| course_code | course_name      |
+-------------+------------------+
|           1 | Machine Learning |
|           2 | Cloud Computing  |
+-------------+------------------+
2 rows in set (0.01 sec)

mysql> insert into  course values(3,'Java Programming');
Query OK, 1 row affected (0.10 sec)

mysql> update course
    -> set course_name='Business Intelligence'
    -> where course_code=2;
Query OK, 1 row affected (0.20 sec)
Rows matched: 1  Changed: 1  Warnings: 0

mysql> selelct * from course;
ERROR 1064 (42000): You have an error in your SQL syntax; check the manual that corresponds to your MySQL server version for the right syntax to use near 'selelct * from course' at line 1
mysql> select * from course;
+-------------+-----------------------+
| course_code | course_name           |
+-------------+-----------------------+
|           1 | Machine Learning      |
|           2 | Business Intelligence |
|           3 | Java Programming      |
+-------------+-----------------------+
3 rows in set (0.00 sec)

mysql> select * from students;
+------------+---------------+
| student_id | student_name  |
+------------+---------------+
|          1 | Aniket Raj    |
|          2 | Nikhil Raj    |
|          3 | Rishav Raj    |
|          4 | Gaurav Kakade |
|          5 | Aditya Sharma |
|          6 | Praful        |
+------------+---------------+
6 rows in set (0.04 sec)

mysql> select * from course;
+-------------+-----------------------+
| course_code | course_name           |
+-------------+-----------------------+
|           1 | Machine Learning      |
|           2 | Business Intelligence |
|           3 | Java Programming      |
+-------------+-----------------------+
3 rows in set (0.00 sec)

mysql> show full columns in student_alloted_course;
+-------------+------+-----------+------+-----+---------+----------------+---------------------------------+---------+
| Field       | Type | Collation | Null | Key | Default | Extra          | Privileges                      | Comment |
+-------------+------+-----------+------+-----+---------+----------------+---------------------------------+---------+
| ind         | int  | NULL      | NO   | PRI | NULL    | auto_increment | select,insert,update,references |         |
| course_code | int  | NULL      | NO   | MUL | NULL    |                | select,insert,update,references |         |
| student_id  | int  | NULL      | NO   | MUL | NULL    |                | select,insert,update,references |         |
| marks       | int  | NULL      | NO   |     | NULL    |                | select,insert,update,references |         |
+-------------+------+-----------+------+-----+---------+----------------+---------------------------------+---------+
4 rows in set (0.27 sec)

mysql> insert into student_alloted_course
    -> values(2,1,72
    -> );
ERROR 1136 (21S01): Column count doesn't match value count at row 1
mysql> insert into student_alloted_course
    -> values(1,2,1,72);
Query OK, 1 row affected (0.19 sec)

mysql> select * from student_alloted_course;
+-----+-------------+------------+-------+
| ind | course_code | student_id | marks |
+-----+-------------+------------+-------+
|   1 |           2 |          1 |    72 |
+-----+-------------+------------+-------+
1 row in set (0.00 sec)

mysql> insert into student_alloted_course values(1,1,90);
ERROR 1136 (21S01): Column count doesn't match value count at row 1
mysql> insert into student_alloted_course values(,1,1,90);
ERROR 1064 (42000): You have an error in your SQL syntax; check the manual that corresponds to your MySQL server version for the right syntax to use near ',1,1,90)' at line 1
mysql> insert into student_alloted_course values(12,1,1,90);
Query OK, 1 row affected (0.23 sec)

mysql> select * from student_alloted_course;
+-----+-------------+------------+-------+
| ind | course_code | student_id | marks |
+-----+-------------+------------+-------+
|   1 |           2 |          1 |    72 |
|  12 |           1 |          1 |    90 |
+-----+-------------+------------+-------+
2 rows in set (0.00 sec)

mysql> alter table student_alloted_course
    ->
    -> c
    -> ^C
mysql> delete from student_alloted_course where ind=12;
Query OK, 1 row affected (0.12 sec)

mysql> select * from student_alloted_course;
+-----+-------------+------------+-------+
| ind | course_code | student_id | marks |
+-----+-------------+------------+-------+
|   1 |           2 |          1 |    72 |
+-----+-------------+------------+-------+
1 row in set (0.00 sec)

mysql> insert into student_alloted_course(course_code,student_id,marks) values(1,1,72);
Query OK, 1 row affected (0.10 sec)

mysql> select * from student_alloted_course;
+-----+-------------+------------+-------+
| ind | course_code | student_id | marks |
+-----+-------------+------------+-------+
|   1 |           2 |          1 |    72 |
|  13 |           1 |          1 |    72 |
+-----+-------------+------------+-------+
2 rows in set (0.01 sec)

mysql> truncate student_alloted_course;
Query OK, 0 rows affected (2.48 sec)

mysql> select * from student_alloted_course;
Empty set (0.74 sec)

mysql> insert into student_alloted_course(course_code,student_id,marks) values(2,1,72);
Query OK, 1 row affected (0.20 sec)

mysql> insert into student_alloted_course(course_code,student_id,marks) values(1,1,90);
Query OK, 1 row affected (0.12 sec)

mysql> select * from student_alloted_course;
+-----+-------------+------------+-------+
| ind | course_code | student_id | marks |
+-----+-------------+------------+-------+
|   1 |           2 |          1 |    72 |
|   2 |           1 |          1 |    90 |
+-----+-------------+------------+-------+
2 rows in set (0.00 sec)

mysql> insert into student_alloted_course(course_code,student_id,marks) values(3,2,69);
Query OK, 1 row affected (0.17 sec)

mysql> insert into student_alloted_course(course_code,student_id,marks) values(3,1,51);
Query OK, 1 row affected (0.21 sec)

mysql> insert into student_alloted_course(course_code,student_id,marks) values(2,2,83);
Query OK, 1 row affected (0.19 sec)

mysql> insert into student_alloted_course(course_code,student_id,marks) values(1,5,92);
Query OK, 1 row affected (0.09 sec)

mysql> insert into student_alloted_course(course_code,student_id,marks) values(3,5,70);
Query OK, 1 row affected (0.06 sec)

mysql> insert into student_alloted_course(course_code,student_id,marks) values(2,6,74);
Query OK, 1 row affected (0.19 sec)

mysql> insert into student_alloted_course(course_code,student_id,marks) values(1,4,87);
Query OK, 1 row affected (0.16 sec)

mysql> insert into student_alloted_course(course_code,student_id,marks) values(3,4,98);
Query OK, 1 row affected (0.08 sec)

mysql> insert into student_alloted_course(course_code,student_id,marks) values(3,3,42);
Query OK, 1 row affected (0.10 sec)

mysql> insert into student_alloted_course(course_code,student_id,marks) values(2,1,61);
Query OK, 1 row affected (0.16 sec)

mysql> insert into student_alloted_course(course_code,student_id,marks) values(3,5,89);
Query OK, 1 row affected (0.07 sec)

mysql> insert into student_alloted_course(course_code,student_id,marks) values(2,6,54);
Query OK, 1 row affected (0.08 sec)

mysql> insert into student_alloted_course(course_code,student_id,marks) values(1,1,44);
Query OK, 1 row affected (0.07 sec)

mysql> insert into student_alloted_course(course_code,student_id,marks) values(3,3,79);
Query OK, 1 row affected (0.12 sec)

mysql> insert into student_alloted_course(course_code,student_id,marks) values(3,100,79);
ERROR 1452 (23000): Cannot add or update a child row: a foreign key constraint fails (`academy`.`student_alloted_course`, CONSTRAINT `student_alloted_course_ibfk_2` FOREIGN KEY (`student_id`) REFERENCES `students` (`student_id`))
mysql> insert into student_alloted_course(course_code,student_id,marks) values(4,1,79);
ERROR 1452 (23000): Cannot add or update a child row: a foreign key constraint fails (`academy`.`student_alloted_course`, CONSTRAINT `student_alloted_course_ibfk_1` FOREIGN KEY (`course_code`) REFERENCES `course` (`course_code`))
mysql> show full column in students;
ERROR 1064 (42000): You have an error in your SQL syntax; check the manual that corresponds to your MySQL server version for the right syntax to use near 'column in students' at line 1
mysql> show full column in student;
ERROR 1064 (42000): You have an error in your SQL syntax; check the manual that corresponds to your MySQL server version for the right syntax to use near 'column in student' at line 1
mysql> show full columns in students;
+--------------+-------------+--------------------+------+-----+---------+-------+---------------------------------+---------+
| Field        | Type        | Collation          | Null | Key | Default | Extra | Privileges                      | Comment |
+--------------+-------------+--------------------+------+-----+---------+-------+---------------------------------+---------+
| student_id   | int         | NULL               | NO   | PRI | NULL    |       | select,insert,update,references |         |
| student_name | varchar(20) | utf8mb4_0900_ai_ci | NO   |     | NULL    |       | select,insert,update,references |         |
+--------------+-------------+--------------------+------+-----+---------+-------+---------------------------------+---------+
2 rows in set (0.19 sec)

mysql> show full columns in course;
+-------------+-------------+--------------------+------+-----+---------+-------+---------------------------------+---------+
| Field       | Type        | Collation          | Null | Key | Default | Extra | Privileges                      | Comment |
+-------------+-------------+--------------------+------+-----+---------+-------+---------------------------------+---------+
| course_code | int         | NULL               | NO   | PRI | NULL    |       | select,insert,update,references |         |
| course_name | varchar(40) | utf8mb4_0900_ai_ci | NO   |     | NULL    |       | select,insert,update,references |         |
+-------------+-------------+--------------------+------+-----+---------+-------+---------------------------------+---------+
2 rows in set (0.02 sec)

mysql> show full columns in student_alloted_course;
+-------------+------+-----------+------+-----+---------+----------------+---------------------------------+---------+
| Field       | Type | Collation | Null | Key | Default | Extra          | Privileges                      | Comment |
+-------------+------+-----------+------+-----+---------+----------------+---------------------------------+---------+
| ind         | int  | NULL      | NO   | PRI | NULL    | auto_increment | select,insert,update,references |         |
| course_code | int  | NULL      | NO   | MUL | NULL    |                | select,insert,update,references |         |
| student_id  | int  | NULL      | NO   | MUL | NULL    |                | select,insert,update,references |         |
| marks       | int  | NULL      | NO   |     | NULL    |                | select,insert,update,references |         |
+-------------+------+-----------+------+-----+---------+----------------+---------------------------------+---------+
4 rows in set (0.00 sec)

mysql> select * from students;
+------------+---------------+
| student_id | student_name  |
+------------+---------------+
|          1 | Aniket Raj    |
|          2 | Nikhil Raj    |
|          3 | Rishav Raj    |
|          4 | Gaurav Kakade |
|          5 | Aditya Sharma |
|          6 | Praful        |
+------------+---------------+
6 rows in set (0.00 sec)

mysql> select * from course
    -> ;
+-------------+-----------------------+
| course_code | course_name           |
+-------------+-----------------------+
|           1 | Machine Learning      |
|           2 | Business Intelligence |
|           3 | Java Programming      |
+-------------+-----------------------+
3 rows in set (0.00 sec)

mysql> select * from student_alloted_course;
+-----+-------------+------------+-------+
| ind | course_code | student_id | marks |
+-----+-------------+------------+-------+
|   1 |           2 |          1 |    72 |
|   2 |           1 |          1 |    90 |
|   3 |           3 |          2 |    69 |
|   4 |           3 |          1 |    51 |
|   5 |           2 |          2 |    83 |
|   6 |           1 |          5 |    92 |
|   7 |           3 |          5 |    70 |
|   8 |           2 |          6 |    74 |
|   9 |           1 |          4 |    87 |
|  10 |           3 |          4 |    98 |
|  11 |           3 |          3 |    42 |
|  12 |           2 |          1 |    61 |
|  13 |           3 |          5 |    89 |
|  14 |           2 |          6 |    54 |
|  15 |           1 |          1 |    44 |
|  16 |           3 |          3 |    79 |
+-----+-------------+------------+-------+
16 rows in set (0.00 sec)

mysql> select avg(marks) as Average_of_MachineLearning from student_alloted_course where course_code=1;
+----------------------------+
| Average_of_MachineLearning |
+----------------------------+
|                    78.2500 |
+----------------------------+
1 row in set (0.12 sec)

mysql> select avg(marks) as Average_of_BusinessIntelligence from student_alloted_course where course_code=2;
+---------------------------------+
| Average_of_BusinessIntelligence |
+---------------------------------+
|                         68.8000 |
+---------------------------------+
1 row in set (0.00 sec)

mysql> select avg(marks) as Average_of_JavaProgramming from student_alloted_course where course_code=3;
+----------------------------+
| Average_of_JavaProgramming |
+----------------------------+
|                    71.1429 |
+----------------------------+
1 row in set (0.00 sec)

mysql> select course.course_name,student_alloted_course.marks from course,student_alloted_marks where course.course_code=student_alloted_course.course_code and student_alloted_course.student_id=1;
ERROR 1146 (42S02): Table 'academy.student_alloted_marks' doesn't exist
mysql> select course.course_name,student_alloted_course.marks from course,student_alloted_course where course.course_code=student_alloted_course.course_code and student_alloted_course.student_id=1;
+-----------------------+-------+
| course_name           | marks |
+-----------------------+-------+
| Machine Learning      |    90 |
| Machine Learning      |    44 |
| Business Intelligence |    72 |
| Business Intelligence |    61 |
| Java Programming      |    51 |
+-----------------------+-------+
5 rows in set (0.00 sec)

mysql> select student_alloted_course.course_code,course.course_name,student_alloted_course.marks from course,student_alloted_course where course.course_code=student_alloted_course.course_code and student_alloted_course.student_id=1;
+-------------+-----------------------+-------+
| course_code | course_name           | marks |
+-------------+-----------------------+-------+
|           1 | Machine Learning      |    90 |
|           1 | Machine Learning      |    44 |
|           2 | Business Intelligence |    72 |
|           2 | Business Intelligence |    61 |
|           3 | Java Programming      |    51 |
+-------------+-----------------------+-------+
5 rows in set (0.00 sec)

mysql> select student_alloted_course.course_code,course.course_name,student_alloted_course.marks from course,student_alloted_course where course.course_code=student_alloted_course.course_code and student_alloted_course.student_id=2;
+-------------+-----------------------+-------+
| course_code | course_name           | marks |
+-------------+-----------------------+-------+
|           2 | Business Intelligence |    83 |
|           3 | Java Programming      |    69 |
+-------------+-----------------------+-------+
2 rows in set (0.00 sec)

mysql> select student_alloted_course.course_code,course.course_name,student_alloted_course.marks from course,student_alloted_course where course.course_code=student_alloted_course.course_code and student_alloted_course.student_id=3;
+-------------+------------------+-------+
| course_code | course_name      | marks |
+-------------+------------------+-------+
|           3 | Java Programming |    42 |
|           3 | Java Programming |    79 |
+-------------+------------------+-------+
2 rows in set (0.00 sec)

mysql> select student_alloted_course.course_code,course.course_name,student_alloted_course.marks from course,student_alloted_course where course.course_code=student_alloted_course.course_code and student_alloted_course.student_id=4;
+-------------+------------------+-------+
| course_code | course_name      | marks |
+-------------+------------------+-------+
|           1 | Machine Learning |    87 |
|           3 | Java Programming |    98 |
+-------------+------------------+-------+
2 rows in set (0.00 sec)

mysql> select student_alloted_course.course_code,course.course_name,student_alloted_course.marks from course,student_alloted_course where course.course_code=student_alloted_course.course_code and student_alloted_course.student_id=5;
+-------------+------------------+-------+
| course_code | course_name      | marks |
+-------------+------------------+-------+
|           1 | Machine Learning |    92 |
|           3 | Java Programming |    70 |
|           3 | Java Programming |    89 |
+-------------+------------------+-------+
3 rows in set (0.00 sec)

mysql> select student_alloted_course.course_code,course.course_name,student_alloted_course.marks from course,student_alloted_course where course.course_code=student_alloted_course.course_code and student_alloted_course.student_id=6;
+-------------+-----------------------+-------+
| course_code | course_name           | marks |
+-------------+-----------------------+-------+
|           2 | Business Intelligence |    74 |
|           2 | Business Intelligence |    54 |
+-------------+-----------------------+-------+
2 rows in set (0.00 sec)

mysql> select @mac:= student_alloted_course.course_code,course.course_name,student_alloted_course.marks from course,student_alloted_course where course.course_code=student_alloted_course.course_code and student_alloted_course.student_id=5;
+-------------------------------------------+------------------+-------+
| @mac:= student_alloted_course.course_code | course_name      | marks |
+-------------------------------------------+------------------+-------+
|                                         1 | Machine Learning |    92 |
|                                         3 | Java Programming |    70 |
|                                         3 | Java Programming |    89 |
+-------------------------------------------+------------------+-------+
3 rows in set, 1 warning (0.10 sec)

mysql> select marks from @mac;
ERROR 1064 (42000): You have an error in your SQL syntax; check the manual that corresponds to your MySQL server version for the right syntax to use near '@mac' at line 1
mysql> select course_code,marks from student_alloted_course where @mac=1;
Empty set (0.00 sec)

mysql> select course_code,marks from student_alloted_course where course_code=@mac;
+-------------+-------+
| course_code | marks |
+-------------+-------+
|           3 |    69 |
|           3 |    51 |
|           3 |    70 |
|           3 |    98 |
|           3 |    42 |
|           3 |    89 |
|           3 |    79 |
+-------------+-------+
7 rows in set (0.00 sec)

mysql> select * from student_alloted_course;
+-----+-------------+------------+-------+
| ind | course_code | student_id | marks |
+-----+-------------+------------+-------+
|   1 |           2 |          1 |    72 |
|   2 |           1 |          1 |    90 |
|   3 |           3 |          2 |    69 |
|   4 |           3 |          1 |    51 |
|   5 |           2 |          2 |    83 |
|   6 |           1 |          5 |    92 |
|   7 |           3 |          5 |    70 |
|   8 |           2 |          6 |    74 |
|   9 |           1 |          4 |    87 |
|  10 |           3 |          4 |    98 |
|  11 |           3 |          3 |    42 |
|  12 |           2 |          1 |    61 |
|  13 |           3 |          5 |    89 |
|  14 |           2 |          6 |    54 |
|  15 |           1 |          1 |    44 |
|  16 |           3 |          3 |    79 |
+-----+-------------+------------+-------+
16 rows in set (0.00 sec)

mysql> select max(marks) from student_alloted_course where student_id=1;
+------------+
| max(marks) |
+------------+
|         90 |
+------------+
1 row in set (0.09 sec)

mysql> select max(marks) from student_alloted_course where student_id=1 and course_code IN(1,2,3);
+------------+
| max(marks) |
+------------+
|         90 |
+------------+
1 row in set (0.00 sec)

mysql> select marks from student_alloted_course where student_id=1 and course_code IN(1,2,3);
+-------+
| marks |
+-------+
|    72 |
|    90 |
|    51 |
|    61 |
|    44 |
+-------+
5 rows in set (0.00 sec)

mysql> select marks,course_code from student_alloted_course where student_id=1 and course_code IN(1,2,3);
+-------+-------------+
| marks | course_code |
+-------+-------------+
|    72 |           2 |
|    90 |           1 |
|    51 |           3 |
|    61 |           2 |
|    44 |           1 |
+-------+-------------+
5 rows in set (0.00 sec)

mysql> select marks,course_code from student_alloted_course where student_id=1 and course_code IN(1,2,3) group by course_code;
+-------+-------------+
| marks | course_code |
+-------+-------------+
|    72 |           2 |
|    90 |           1 |
|    51 |           3 |
+-------+-------------+
3 rows in set (0.01 sec)

mysql> select marks,course_code from student_alloted_course where student_id=1 and course_code IN(1,2,3) group by course_code order by course_code;
+-------+-------------+
| marks | course_code |
+-------+-------------+
|    90 |           1 |
|    72 |           2 |
|    51 |           3 |
+-------+-------------+
3 rows in set (0.00 sec)

mysql> select marks,course_code from student_alloted_course where student_id=2 and course_code IN(1,2,3) group by course_code order by course_code;
+-------+-------------+
| marks | course_code |
+-------+-------------+
|    83 |           2 |
|    69 |           3 |
+-------+-------------+
2 rows in set (0.00 sec)

mysql> select marks,course_code from student_alloted_course where student_id=3 and course_code IN(1,2,3) group by course_code order by course_code;
+-------+-------------+
| marks | course_code |
+-------+-------------+
|    42 |           3 |
+-------+-------------+
1 row in set (0.00 sec)

mysql> select marks,course_code from student_alloted_course where student_id=4 and course_code IN(1,2,3) group by course_code order by course_code;
+-------+-------------+
| marks | course_code |
+-------+-------------+
|    87 |           1 |
|    98 |           3 |
+-------+-------------+
2 rows in set (0.00 sec)

mysql> select marks,course_code from student_alloted_course where student_id=5 and course_code IN(1,2,3) group by course_code order by course_code;
+-------+-------------+
| marks | course_code |
+-------+-------------+
|    92 |           1 |
|    70 |           3 |
+-------+-------------+
2 rows in set (0.00 sec)

mysql> select marks,course_code from student_alloted_course where student_id=6 and course_code IN(1,2,3) group by course_code order by course_code;
+-------+-------------+
| marks | course_code |
+-------+-------------+
|    74 |           2 |
+-------+-------------+
1 row in set (0.00 sec)

mysql>  select marks,course_code from student_alloted_course where student_id=1 and course_code IN(1,2,3);
+-------+-------------+
| marks | course_code |
+-------+-------------+
|    72 |           2 |
|    90 |           1 |
|    51 |           3 |
|    61 |           2 |
|    44 |           1 |
+-------+-------------+
5 rows in set (0.00 sec)

mysql>  select marks,course_code from student_alloted_course where student_id=1 and course_code IN(1,2,3) order by course_code;
+-------+-------------+
| marks | course_code |
+-------+-------------+
|    90 |           1 |
|    44 |           1 |
|    72 |           2 |
|    61 |           2 |
|    51 |           3 |
+-------+-------------+
5 rows in set (0.00 sec)

mysql>  select marks,course_code from student_alloted_course where student_id=1 and course_code IN(1,2,3) order by course_code,marks;
+-------+-------------+
| marks | course_code |
+-------+-------------+
|    44 |           1 |
|    90 |           1 |
|    61 |           2 |
|    72 |           2 |
|    51 |           3 |
+-------+-------------+
5 rows in set (0.00 sec)

mysql>  select marks,course_code from student_alloted_course where student_id=1 and course_code IN(1,2,3) order by course_code,marks desc;
+-------+-------------+
| marks | course_code |
+-------+-------------+
|    90 |           1 |
|    44 |           1 |
|    72 |           2 |
|    61 |           2 |
|    51 |           3 |
+-------+-------------+
5 rows in set (0.00 sec)

mysql> select distinct( select marks,course_code from student_alloted_course where student_id=1 and course_code IN(1,2,3) order by course_code,marks desc);
ERROR 1241 (21000): Operand should contain 1 column(s)
mysql> t1 as  select marks,course_code from student_alloted_course where student_id=1 and course_code IN(1,2,3);
ERROR 1064 (42000): You have an error in your SQL syntax; check the manual that corresponds to your MySQL server version for the right syntax to use near 't1 as  select marks,course_code from student_alloted_course where student_id=1 a' at line 1
mysql> select distinct(MAX(marks)) from student_alloted_course;
+--------------+
| (MAX(marks)) |
+--------------+
|           98 |
+--------------+
1 row in set (0.00 sec)

mysql> select distinct(MAX(marks)) from student_alloted_course where student_id=1;
+--------------+
| (MAX(marks)) |
+--------------+
|           90 |
+--------------+
1 row in set (0.00 sec)

mysql> select distinct(MAX(marks)) from student_alloted_course where course_code in (1,2,3);
+--------------+
| (MAX(marks)) |
+--------------+
|           98 |
+--------------+
1 row in set (0.00 sec)

mysql> select distinct(MAX(marks)) from student_alloted_course where course_code in (1,2,3) and student_id=1;
+--------------+
| (MAX(marks)) |
+--------------+
|           90 |
+--------------+
1 row in set (0.00 sec)

mysql> select distinct(MAX(marks)) from student_alloted_course where course_code=1 or 2 or 3 and student_id=1;
+--------------+
| (MAX(marks)) |
+--------------+
|           98 |
+--------------+
1 row in set (0.00 sec)

mysql> select distinct(MAX(marks)) from student_alloted_course where course_code=1 and 2;
+--------------+
| (MAX(marks)) |
+--------------+
|           92 |
+--------------+
1 row in set (0.00 sec)

mysql> select distinct(MAX(marks)) from student_alloted_course where course_code=1 and 2 and 3;
+--------------+
| (MAX(marks)) |
+--------------+
|           92 |
+--------------+
1 row in set (0.00 sec)

mysql> select distinct(MAX(marks)) from student_alloted_course where course_code=1 and 2 and 3 and student_id=1;
+--------------+
| (MAX(marks)) |
+--------------+
|           90 |
+--------------+
1 row in set (0.01 sec)

mysql> select course.course_code,student_alloted_course.marks from course left join student_alloted_marks where student_alloted_course.student_id=1;
ERROR 1064 (42000): You have an error in your SQL syntax; check the manual that corresponds to your MySQL server version for the right syntax to use near 'where student_alloted_course.student_id=1' at line 1
mysql> select course.course_code,student_alloted_course.marks from course left join student_alloted_marks where course.course_code=student_alloted_course.course_code and student_alloted_course.student_id=1;
ERROR 1064 (42000): You have an error in your SQL syntax; check the manual that corresponds to your MySQL server version for the right syntax to use near 'where course.course_code=student_alloted_course.course_code and student_alloted_' at line 1
mysql> select course.course_code,student_alloted_course.marks from course left join student_alloted_marks where course.course_code=student_alloted_course.course_code and student_alloted_course.student_id=1;
ERROR 1064 (42000): You have an error in your SQL syntax; check the manual that corresponds to your MySQL server version for the right syntax to use near 'where course.course_code=student_alloted_course.course_code and student_alloted_' at line 1
mysql> select course.course_code,student_alloted_course.marks
    -> from course left join on student_alloted_course where course.course_code=student_alloted_course.marks;
ERROR 1064 (42000): You have an error in your SQL syntax; check the manual that corresponds to your MySQL server version for the right syntax to use near 'on student_alloted_course where course.course_code=student_alloted_course.marks' at line 2
mysql> from course left join on student_alloted_course where course.course_code=student_alloted_course.course_code;
ERROR 1064 (42000): You have an error in your SQL syntax; check the manual that corresponds to your MySQL server version for the right syntax to use near 'from course left join on student_alloted_course where course.course_code=student' at line 1
mysql> select course.course_code,student_alloted_course.marks
    -> from course left join on student_alloted_course where course.course_code=student_alloted_course.course_code;
ERROR 1064 (42000): You have an error in your SQL syntax; check the manual that corresponds to your MySQL server version for the right syntax to use near 'on student_alloted_course where course.course_code=student_alloted_course.course' at line 2
mysql> select course.course_code,student_alloted_course.marks
    -> from course left join  student_alloted_course on course.course_code=student_alloted_course.course_code;
+-------------+-------+
| course_code | marks |
+-------------+-------+
|           1 |    90 |
|           1 |    92 |
|           1 |    87 |
|           1 |    44 |
|           2 |    72 |
|           2 |    83 |
|           2 |    74 |
|           2 |    61 |
|           2 |    54 |
|           3 |    69 |
|           3 |    51 |
|           3 |    70 |
|           3 |    98 |
|           3 |    42 |
|           3 |    89 |
|           3 |    79 |
+-------------+-------+
16 rows in set (0.03 sec)

mysql> select course.course_code,student_alloted_course.marks
    -> from course left join on student_alloted_course where course.course_code=student_alloted_course.course_code where student_allot_course.student_id=1;
ERROR 1064 (42000): You have an error in your SQL syntax; check the manual that corresponds to your MySQL server version for the right syntax to use near 'on student_alloted_course where course.course_code=student_alloted_course.course' at line 2
mysql> select course.course_code,student_alloted_course.marks
    -> from course left join  student_alloted_course on course.course_code=student_alloted_course.course_code where student_alloted_course.student_id=1;
+-------------+-------+
| course_code | marks |
+-------------+-------+
|           1 |    90 |
|           1 |    44 |
|           2 |    72 |
|           2 |    61 |
|           3 |    51 |
+-------------+-------+
5 rows in set (0.00 sec)

mysql> select course.course_code,student_alloted_course.marks from course,student_alloted_course;
+-------------+-------+
| course_code | marks |
+-------------+-------+
|           3 |    72 |
|           2 |    72 |
|           1 |    72 |
|           3 |    90 |
|           2 |    90 |
|           1 |    90 |
|           3 |    69 |
|           2 |    69 |
|           1 |    69 |
|           3 |    51 |
|           2 |    51 |
|           1 |    51 |
|           3 |    83 |
|           2 |    83 |
|           1 |    83 |
|           3 |    92 |
|           2 |    92 |
|           1 |    92 |
|           3 |    70 |
|           2 |    70 |
|           1 |    70 |
|           3 |    74 |
|           2 |    74 |
|           1 |    74 |
|           3 |    87 |
|           2 |    87 |
|           1 |    87 |
|           3 |    98 |
|           2 |    98 |
|           1 |    98 |
|           3 |    42 |
|           2 |    42 |
|           1 |    42 |
|           3 |    61 |
|           2 |    61 |
|           1 |    61 |
|           3 |    89 |
|           2 |    89 |
|           1 |    89 |
|           3 |    54 |
|           2 |    54 |
|           1 |    54 |
|           3 |    44 |
|           2 |    44 |
|           1 |    44 |
|           3 |    79 |
|           2 |    79 |
|           1 |    79 |
+-------------+-------+
48 rows in set (0.00 sec)

mysql> from course left join  student_alloted_course on course.course_code=student_alloted_course.course_code where student_alloted_course.student_id=1;
ERROR 1064 (42000): You have an error in your SQL syntax; check the manual that corresponds to your MySQL server version for the right syntax to use near 'from course left join  student_alloted_course on course.course_code=student_allo' at line 1
mysql> select course.course_code,student_alloted_course.marks
    -> from course left join  student_alloted_course on course.course_code=student_alloted_course.course_code where student_alloted_course.student_id=1;
+-------------+-------+
| course_code | marks |
+-------------+-------+
|           1 |    90 |
|           1 |    44 |
|           2 |    72 |
|           2 |    61 |
|           3 |    51 |
+-------------+-------+
5 rows in set (0.00 sec)

mysql> select course.course_code,student_alloted_course.marks
    -> from course left join  student_alloted_course on course.course_code=student_alloted_course.course_code where student_alloted_course.student_id=1 group by student_alloted_course.course_code;
+-------------+-------+
| course_code | marks |
+-------------+-------+
|           2 |    72 |
|           1 |    90 |
|           3 |    51 |
+-------------+-------+
3 rows in set (0.00 sec)

mysql> ELECT s1.studentid, s1.subjectid, s2.mks FROM student s1,
    -> (SELECT s.subjectid, max(s.marks) as mks from student s group by s.subjectid ) s2
    -> WHERE s1.subjectid =s2.subjectid and s1.marks= s2.mks
    -> ;ORDER BY s1.student_id
ERROR 1064 (42000): You have an error in your SQL syntax; check the manual that corresponds to your MySQL server version for the right syntax to use near 'ELECT s1.studentid, s1.subjectid, s2.mks FROM student s1,
(SELECT s.subjectid, m' at line 1
    ->
    -> SELECT s1.student_id, s1.subject_id, s2.mks FROM student_alloted_course s1,
    -> (SELECT s.subject_id, max(s.marks) as mks from student_alloted_course s group by s.subject_id ) s2
    -> WHERE s1.subject_id =s2.subject_id and s1.marks= s2.mks
    -> ORDER BY s1.student_id;
ERROR 1064 (42000): You have an error in your SQL syntax; check the manual that corresponds to your MySQL server version for the right syntax to use near 'ORDER BY s1.student_id

SELECT s1.student_id, s1.subject_id, s2.mks FROM student' at line 1
mysql>
mysql> SELECT s1.student_id, s1.subject_id, s2.mks FROM student_alloted_course s1,
    -> (SELECT s.subject_id, max(s.marks) as mks from student_alloted_course s group by s.subject_id ) s2
    -> WHERE s1.subject_id =s2.subject_id and s1.marks= s2.mks
    -> ORDER BY s1.student_id;
ERROR 1054 (42S22): Unknown column 's.subject_id' in 'field list'
mysql>
mysql> SELECT s1.student_id, s1.subject_id, s2.mks FROM student_alloted_course s1,
    -> (SELECT s.subject_id, max(s.marks) as mks from student_alloted_course s group by s.subject_id ) s2
    -> WHERE s1.subject_id =s2.subject_id and s1.marks= s2.mks
    -> ;ORDER BY s1.student_id
ERROR 1054 (42S22): Unknown column 's.subject_id' in 'field list'
    -> ;
ERROR 1064 (42000): You have an error in your SQL syntax; check the manual that corresponds to your MySQL server version for the right syntax to use near 'ORDER BY s1.student_id' at line 1
mysql> SELECT s1.student_id, s1.course_code, s2.mks FROM student_alloted_course s1,
    -> (SELECT s.course_code, max(s.marks) as mks from student_alloted_course s group by s.course_code ) s2
    -> WHERE s1.course_code =s2.course_code and s1.marks= s2.mks
    -> ORDER BY s1.student_id;
+------------+-------------+------+
| student_id | course_code | mks  |
+------------+-------------+------+
|          2 |           2 |   83 |
|          4 |           3 |   98 |
|          5 |           1 |   92 |
+------------+-------------+------+
3 rows in set (0.00 sec)

mysql> select course.course_code,student_alloted_course.marks
    -> from course left join  student_alloted_course on course.course_code=student_alloted_course.course_code where student_alloted_course.student_id=1 order by student_alloted_course.marks;
+-------------+-------+
| course_code | marks |
+-------------+-------+
|           1 |    44 |
|           3 |    51 |
|           2 |    61 |
|           2 |    72 |
|           1 |    90 |
+-------------+-------+
5 rows in set (0.00 sec)

mysql> from course left join  student_alloted_course on course.course_code=student_alloted_course.course_code where student_alloted_course.student_id=1 order by student_alloted_course.marks desc;
ERROR 1064 (42000): You have an error in your SQL syntax; check the manual that corresponds to your MySQL server version for the right syntax to use near 'from course left join  student_alloted_course on course.course_code=student_allo' at line 1
mysql> select course.course_code,student_alloted_course.marks
    -> from course left join  student_alloted_course on course.course_code=student_alloted_course.course_code where student_alloted_course.student_id=1 order by student_alloted_course.marks desc;
+-------------+-------+
| course_code | marks |
+-------------+-------+
|           1 |    90 |
|           2 |    72 |
|           2 |    61 |
|           3 |    51 |
|           1 |    44 |
+-------------+-------+
5 rows in set (0.00 sec)

mysql> from course left join  student_alloted_course on course.course_code=student_alloted_course.course_code where student_alloted_course.student_id=1 group by student_alloted_course.course_code order by student_alloted_course.marks desc;
ERROR 1064 (42000): You have an error in your SQL syntax; check the manual that corresponds to your MySQL server version for the right syntax to use near 'from course left join  student_alloted_course on course.course_code=student_allo' at line 1
mysql> from course left join  student_alloted_course on course.course_code=student_alloted_course.course_code where student_alloted_course.student_id=1 group by student_alloted_course.course_code order by student_alloted_course.marks desc;
ERROR 1064 (42000): You have an error in your SQL syntax; check the manual that corresponds to your MySQL server version for the right syntax to use near 'from course left join  student_alloted_course on course.course_code=student_allo' at line 1
mysql> select course.course_code,student_alloted_course.marks
    -> from course left join  student_alloted_course on course.course_code=student_alloted_course.course_code where student_alloted_course.student_id=1  group by order by student_alloted_course.course_code  student_alloted_course.marks;
ERROR 1064 (42000): You have an error in your SQL syntax; check the manual that corresponds to your MySQL server version for the right syntax to use near 'order by student_alloted_course.course_code  student_alloted_course.marks' at line 2
mysql> select course.course_code,student_alloted_course.marks from course left join  student_alloted_course on course.course_code=student_alloted_course.course_code where student_alloted_course.student_id=1  group by student_alloted_course.course_code order by student_alloted_course.marks;
+-------------+-------+
| course_code | marks |
+-------------+-------+
|           3 |    51 |
|           2 |    72 |
|           1 |    90 |
+-------------+-------+
3 rows in set (0.00 sec)

mysql> select course.course_code,student_alloted_course.marks from course left join  student_alloted_course on course.course_code=student_alloted_course.course_code where student_alloted_course.student_id=2  group by student_alloted_course.course_code order by student_alloted_course.marks;
+-------------+-------+
| course_code | marks |
+-------------+-------+
|           3 |    69 |
|           2 |    83 |
+-------------+-------+
2 rows in set (0.00 sec)

mysql> select course.course_code,student_alloted_course.marks from course left join  student_alloted_course on course.course_code=student_alloted_course.course_code where student_alloted_course.student_id=5  group by student_alloted_course.course_code order by student_alloted_course.marks;
+-------------+-------+
| course_code | marks |
+-------------+-------+
|           3 |    70 |
|           1 |    92 |
+-------------+-------+
2 rows in set (0.00 sec)

mysql> select course.course_code,student_alloted_course.marks from course left join  student_alloted_course on course.course_code=student_alloted_course.course_code where student_alloted_course.student_id=1  group by student_alloted_course.course_code;
+-------------+-------+
| course_code | marks |
+-------------+-------+
|           2 |    72 |
|           1 |    90 |
|           3 |    51 |
+-------------+-------+
3 rows in set (0.00 sec)

mysql> select course.course_code,student_alloted_course.marks from course left join  student_alloted_course on course.course_code=student_alloted_course.course_code where student_alloted_course.student_id=1;
+-------------+-------+
| course_code | marks |
+-------------+-------+
|           1 |    90 |
|           1 |    44 |
|           2 |    72 |
|           2 |    61 |
|           3 |    51 |
+-------------+-------+
5 rows in set (0.00 sec)

mysql> select course.course_code,student_alloted_course.marks from course left join  student_alloted_course on course.course_code=student_alloted_course.course_code where student_alloted_course.student_id=1 order by student_alloted_course.marks desc;
+-------------+-------+
| course_code | marks |
+-------------+-------+
|           1 |    90 |
|           2 |    72 |
|           2 |    61 |
|           3 |    51 |
|           1 |    44 |
+-------------+-------+
5 rows in set (0.00 sec)

mysql> select course.course_code,student_alloted_course.marks from course left join  student_alloted_course on course.course_code=student_alloted_course.course_code where student_alloted_course.student_id=5 order by student_alloted_course.marks desc;
+-------------+-------+
| course_code | marks |
+-------------+-------+
|           1 |    92 |
|           3 |    89 |
|           3 |    70 |
+-------------+-------+
3 rows in set (0.00 sec)

mysql> select course_code,max(marks) as mks from student_alloted_course group by course_code;
+-------------+------+
| course_code | mks  |
+-------------+------+
|           1 |   92 |
|           2 |   83 |
|           3 |   98 |
+-------------+------+
3 rows in set (0.00 sec)

mysql> select course_code,max(marks) as mks from student_alloted_course where student_id=1 group by course_code;
+-------------+------+
| course_code | mks  |
+-------------+------+
|           2 |   72 |
|           1 |   90 |
|           3 |   51 |
+-------------+------+
3 rows in set (0.05 sec)

mysql> select course_code,max(marks) as mks from student_alloted_course where student_id=5 group by course_code;
+-------------+------+
| course_code | mks  |
+-------------+------+
|           1 |   92 |
|           3 |   89 |
+-------------+------+
2 rows in set (0.00 sec)

mysql> select course_code,max(marks) as mks from student_alloted_course where student_id=2 group by course_code;
+-------------+------+
| course_code | mks  |
+-------------+------+
|           3 |   69 |
|           2 |   83 |
+-------------+------+
2 rows in set (0.00 sec)

mysql> select course_code,max(marks) as mks from student_alloted_course where student_id=3 group by course_code;
+-------------+------+
| course_code | mks  |
+-------------+------+
|           3 |   79 |
+-------------+------+
1 row in set (0.00 sec)

mysql> select course_code,max(marks) as mks from student_alloted_course where student_id=4 group by course_code;
+-------------+------+
| course_code | mks  |
+-------------+------+
|           1 |   87 |
|           3 |   98 |
+-------------+------+
2 rows in set (0.00 sec)

mysql>  select student_alloted_course.course_code,course.course_name,student_alloted_course.marks from course,student_alloted_course where course.course_code=student_alloted_course.course_code and student_alloted_course.student_id=1;
+-------------+-----------------------+-------+
| course_code | course_name           | marks |
+-------------+-----------------------+-------+
|           1 | Machine Learning      |    44 |
|           1 | Machine Learning      |    90 |
|           2 | Business Intelligence |    61 |
|           2 | Business Intelligence |    72 |
|           3 | Java Programming      |    51 |
+-------------+-----------------------+-------+
5 rows in set (0.00 sec)

mysql> select course_code,max(marks) as mks from student_alloted_course where student_id=1 group by course_code;
+-------------+------+
| course_code | mks  |
+-------------+------+
|           2 |   72 |
|           1 |   90 |
|           3 |   51 |
+-------------+------+
3 rows in set (0.00 sec)

mysql> select course_code,max(marks) as mks from student_alloted_course where student_id=1 group by course_code order  by course_code;
+-------------+------+
| course_code | mks  |
+-------------+------+
|           1 |   90 |
|           2 |   72 |
|           3 |   51 |
+-------------+------+
3 rows in set (0.00 sec)

mysql>  select student_alloted_course.course_code,course.course_name,student_alloted_course.marks from course,student_alloted_course where course.course_code=student_alloted_course.course_code and student_alloted_course.student_id=2;
+-------------+-----------------------+-------+
| course_code | course_name           | marks |
+-------------+-----------------------+-------+
|           2 | Business Intelligence |    83 |
|           3 | Java Programming      |    69 |
+-------------+-----------------------+-------+
2 rows in set (0.00 sec)

mysql> select course_code,max(marks) as mks from student_alloted_course where student_id=2 group by course_code order  by course_code;
+-------------+------+
| course_code | mks  |
+-------------+------+
|           2 |   83 |
|           3 |   69 |
+-------------+------+
2 rows in set (0.00 sec)

mysql>  select student_alloted_course.course_code,course.course_name,student_alloted_course.marks from course,student_alloted_course where course.course_code=student_alloted_course.course_code and student_alloted_course.student_id=3;
+-------------+------------------+-------+
| course_code | course_name      | marks |
+-------------+------------------+-------+
|           3 | Java Programming |    79 |
|           3 | Java Programming |    42 |
+-------------+------------------+-------+
2 rows in set (0.00 sec)

mysql> select course_code,max(marks) as mks from student_alloted_course where student_id=3 group by course_code order  by course_code;
+-------------+------+
| course_code | mks  |
+-------------+------+
|           3 |   79 |
+-------------+------+
1 row in set (0.00 sec)

mysql>  select student_alloted_course.course_code,course.course_name,student_alloted_course.marks from course,student_alloted_course where course.course_code=student_alloted_course.course_code and student_alloted_course.student_id=4;
+-------------+------------------+-------+
| course_code | course_name      | marks |
+-------------+------------------+-------+
|           1 | Machine Learning |    87 |
|           3 | Java Programming |    98 |
+-------------+------------------+-------+
2 rows in set (0.00 sec)

mysql> select course_code,max(marks) as mks from student_alloted_course where student_id=4 group by course_code order  by course_code;
+-------------+------+
| course_code | mks  |
+-------------+------+
|           1 |   87 |
|           3 |   98 |
+-------------+------+
2 rows in set (0.00 sec)

mysql>  select student_alloted_course.course_code,course.course_name,student_alloted_course.marks from course,student_alloted_course where course.course_code=student_alloted_course.course_code and student_alloted_course.student_id=5;
+-------------+------------------+-------+
| course_code | course_name      | marks |
+-------------+------------------+-------+
|           1 | Machine Learning |    92 |
|           3 | Java Programming |    89 |
|           3 | Java Programming |    70 |
+-------------+------------------+-------+
3 rows in set (0.00 sec)

mysql> select course_code,max(marks) as mks from student_alloted_course where student_id=5 group by course_code order  by course_code;
+-------------+------+
| course_code | mks  |
+-------------+------+
|           1 |   92 |
|           3 |   89 |
+-------------+------+
2 rows in set (0.00 sec)

mysql>  select student_alloted_course.course_code,course.course_name,student_alloted_course.marks from course,student_alloted_course where course.course_code=student_alloted_course.course_code and student_alloted_course.student_id=6;
+-------------+-----------------------+-------+
| course_code | course_name           | marks |
+-------------+-----------------------+-------+
|           2 | Business Intelligence |    54 |
|           2 | Business Intelligence |    74 |
+-------------+-----------------------+-------+
2 rows in set (0.00 sec)

mysql> select course_code,max(marks) as mks from student_alloted_course where student_id=6 group by course_code order  by course_code;
+-------------+------+
| course_code | mks  |
+-------------+------+
|           2 |   74 |
+-------------+------+
1 row in set (0.00 sec)

mysql>
mysql> select course_code,max(marks) as mks from student_alloted_course group by course_code;
+-------------+------+
| course_code | mks  |
+-------------+------+
|           1 |   92 |
|           2 |   83 |
|           3 |   98 |
+-------------+------+
3 rows in set (0.00 sec)

mysql> select course.course_name,student.student_name,max(student_alloted_course.marks) as mks from student_alloted_course,course where course.course_code=student_alloted_course.course_code group by course.course_code;
ERROR 1054 (42S22): Unknown column 'student.student_name' in 'field list'
mysql> select course.course_name,student.student_name,max(student_alloted_course.marks) as mks from student_alloted_course,course,student where course.course_code=student_alloted_course.course_code and student.student_id=student_alloted_course.student_id group by course.course_code;
ERROR 1146 (42S02): Table 'academy.student' doesn't exist
mysql> select course.course_name,student.student_name,max(student_alloted_course.marks) as mks from student_alloted_course,course,students where course.course_code=student_alloted_course.course_code and students.student_id=student_alloted_course.student_id group by course.course_code;
ERROR 1054 (42S22): Unknown column 'student.student_name' in 'field list'
mysql> select course.course_name,students.student_name,max(student_alloted_course.marks) as mks from student_alloted_course,course,students where course.course_code=student_alloted_course.course_code and students.student_id=student_alloted_course.student_id group by course.course_code;
+-----------------------+--------------+------+
| course_name           | student_name | mks  |
+-----------------------+--------------+------+
| Machine Learning      | Aniket Raj   |   92 |
| Business Intelligence | Aniket Raj   |   83 |
| Java Programming      | Nikhil Raj   |   98 |
+-----------------------+--------------+------+
3 rows in set (0.00 sec)

mysql> select course.course_name,students.student_name,max(student_alloted_course.marks) as mks from student_alloted_course,course,students where students.student_id=student_alloted_course.student_id group by course.course_code;
+-----------------------+--------------+------+
| course_name           | student_name | mks  |
+-----------------------+--------------+------+
| Java Programming      | Aniket Raj   |   98 |
| Business Intelligence | Aniket Raj   |   98 |
| Machine Learning      | Aniket Raj   |   98 |
+-----------------------+--------------+------+
3 rows in set (0.00 sec)

mysql> select course.course_name,students.student_name,max(student_alloted_course.marks) as mks from student_alloted_course,course,students where course.course_code=student_alloted_course.course_code and students.student_id=student_alloted_course.student_id;
+------------------+--------------+------+
| course_name      | student_name | mks  |
+------------------+--------------+------+
| Machine Learning | Aniket Raj   |   98 |
+------------------+--------------+------+
1 row in set (0.00 sec)

mysql> select course.course_name,max(student_alloted_course.marks) as mks from student_alloted_course,course group by course.course_code;
+-----------------------+------+
| course_name           | mks  |
+-----------------------+------+
| Java Programming      |   98 |
| Business Intelligence |   98 |
| Machine Learning      |   98 |
+-----------------------+------+
3 rows in set (0.00 sec)

mysql> select course.course_name,max(student_alloted_course.marks) as mks from student_alloted_course,course where course.course_code=student_alloted_course.course_Code group by course.course_code;
+-----------------------+------+
| course_name           | mks  |
+-----------------------+------+
| Machine Learning      |   92 |
| Business Intelligence |   83 |
| Java Programming      |   98 |
+-----------------------+------+
3 rows in set (0.00 sec)

mysql> select student_alloted_course.student_id,course.course_name,max(student_alloted_course.marks) as mks from student_alloted_course,course where course.course_code=student_alloted_course.course_Code group by course.course_code;
+------------+-----------------------+------+
| student_id | course_name           | mks  |
+------------+-----------------------+------+
|          1 | Machine Learning      |   92 |
|          1 | Business Intelligence |   83 |
|          2 | Java Programming      |   98 |
+------------+-----------------------+------+
3 rows in set (0.00 sec)

mysql> select * from students;
+------------+---------------+
| student_id | student_name  |
+------------+---------------+
|          1 | Aniket Raj    |
|          2 | Nikhil Raj    |
|          3 | Rishav Raj    |
|          4 | Gaurav Kakade |
|          5 | Aditya Sharma |
|          6 | Praful        |
+------------+---------------+
6 rows in set (0.00 sec)

mysql> select students.student_name,student_alloted_course.course_code,student_alloted_course.marks from students left join student_alloted_course on students.student_id=student_alloted_course.student_id ;
+---------------+-------------+-------+
| student_name  | course_code | marks |
+---------------+-------------+-------+
| Aniket Raj    |           2 |    72 |
| Aniket Raj    |           1 |    90 |
| Aniket Raj    |           3 |    51 |
| Aniket Raj    |           2 |    61 |
| Aniket Raj    |           1 |    44 |
| Nikhil Raj    |           3 |    69 |
| Nikhil Raj    |           2 |    83 |
| Rishav Raj    |           3 |    42 |
| Rishav Raj    |           3 |    79 |
| Gaurav Kakade |           1 |    87 |
| Gaurav Kakade |           3 |    98 |
| Aditya Sharma |           1 |    92 |
| Aditya Sharma |           3 |    70 |
| Aditya Sharma |           3 |    89 |
| Praful        |           2 |    74 |
| Praful        |           2 |    54 |
+---------------+-------------+-------+
16 rows in set (0.00 sec)

mysql> select students.student_name,student_alloted_course.course_code,max(student_alloted_course.marks) as mks from students left join student_alloted_course on students.student_id=student_alloted_course.student_id ;
+--------------+-------------+------+
| student_name | course_code | mks  |
+--------------+-------------+------+
| Aniket Raj   |           2 |   98 |
+--------------+-------------+------+
1 row in set (0.00 sec)

mysql> select students.student_name,student_alloted_course.course_code,student_alloted_course.marks from students left join student_alloted_course on students.student_id=student_alloted_course.student_id group by student_alloted_course.course_code;
+--------------+-------------+-------+
| student_name | course_code | marks |
+--------------+-------------+-------+
| Aniket Raj   |           2 |    72 |
| Aniket Raj   |           1 |    90 |
| Aniket Raj   |           3 |    51 |
+--------------+-------------+-------+
3 rows in set (0.00 sec)

mysql> select students.student_name,student_alloted_course.course_code,student_alloted_course.marks from students left join student_alloted_course on students.student_id=student_alloted_course.student_id order by student_alloted_course.marks;
+---------------+-------------+-------+
| student_name  | course_code | marks |
+---------------+-------------+-------+
| Rishav Raj    |           3 |    42 |
| Aniket Raj    |           1 |    44 |
| Aniket Raj    |           3 |    51 |
| Praful        |           2 |    54 |
| Aniket Raj    |           2 |    61 |
| Nikhil Raj    |           3 |    69 |
| Aditya Sharma |           3 |    70 |
| Aniket Raj    |           2 |    72 |
| Praful        |           2 |    74 |
| Rishav Raj    |           3 |    79 |
| Nikhil Raj    |           2 |    83 |
| Gaurav Kakade |           1 |    87 |
| Aditya Sharma |           3 |    89 |
| Aniket Raj    |           1 |    90 |
| Aditya Sharma |           1 |    92 |
| Gaurav Kakade |           3 |    98 |
+---------------+-------------+-------+
16 rows in set (0.00 sec)

mysql> select students.student_name,student_alloted_course.course_code,student_alloted_course.marks from students left join student_alloted_course on students.student_id=student_alloted_course.student_id order by student_alloted_course.marks desc;
+---------------+-------------+-------+
| student_name  | course_code | marks |
+---------------+-------------+-------+
| Gaurav Kakade |           3 |    98 |
| Aditya Sharma |           1 |    92 |
| Aniket Raj    |           1 |    90 |
| Aditya Sharma |           3 |    89 |
| Gaurav Kakade |           1 |    87 |
| Nikhil Raj    |           2 |    83 |
| Rishav Raj    |           3 |    79 |
| Praful        |           2 |    74 |
| Aniket Raj    |           2 |    72 |
| Aditya Sharma |           3 |    70 |
| Nikhil Raj    |           3 |    69 |
| Aniket Raj    |           2 |    61 |
| Praful        |           2 |    54 |
| Aniket Raj    |           3 |    51 |
| Aniket Raj    |           1 |    44 |
| Rishav Raj    |           3 |    42 |
+---------------+-------------+-------+
16 rows in set (0.00 sec)

mysql> select students.student_name,student_alloted_course.course_code,student_alloted_course.marks from students left join student_alloted_course on students.student_id=student_alloted_course.student_id order by student_alloted_course.marks desc group by student_alloted_course.course_code;
ERROR 1064 (42000): You have an error in your SQL syntax; check the manual that corresponds to your MySQL server version for the right syntax to use near 'group by student_alloted_course.course_code' at line 1
mysql> select students.student_name,student_alloted_course.course_code,student_alloted_course.marks from students left join student_alloted_course on students.student_id=student_alloted_course.student_id group by student_alloted_course.course_code;
+--------------+-------------+-------+
| student_name | course_code | marks |
+--------------+-------------+-------+
| Aniket Raj   |           2 |    72 |
| Aniket Raj   |           1 |    90 |
| Aniket Raj   |           3 |    51 |
+--------------+-------------+-------+
3 rows in set (0.00 sec)

mysql> select students.student_name,student_alloted_course.course_code,student_alloted_course.marks from students left join student_alloted_course on students.student_id=student_alloted_course.student_id order by student_alloted_course.marks desc group by student_alloted_course.course_code;
ERROR 1064 (42000): You have an error in your SQL syntax; check the manual that corresponds to your MySQL server version for the right syntax to use near 'group by student_alloted_course.course_code' at line 1
mysql> select students.student_name,student_alloted_course.course_code,student_alloted_course.marks from students left join student_alloted_course on students.student_id=student_alloted_course.student_id  group by student_alloted_course.course_code order by student_alloted_course.marks desc;
+--------------+-------------+-------+
| student_name | course_code | marks |
+--------------+-------------+-------+
| Aniket Raj   |           1 |    90 |
| Aniket Raj   |           2 |    72 |
| Aniket Raj   |           3 |    51 |
+--------------+-------------+-------+
3 rows in set (0.00 sec)

mysql> select students.student_name,student_alloted_course.course_code,student_alloted_course.marks from students left join student_alloted_course on students.student_id=student_alloted_course.student_id order by student_alloted_course.marks desc;
+---------------+-------------+-------+
| student_name  | course_code | marks |
+---------------+-------------+-------+
| Gaurav Kakade |           3 |    98 |
| Aditya Sharma |           1 |    92 |
| Aniket Raj    |           1 |    90 |
| Aditya Sharma |           3 |    89 |
| Gaurav Kakade |           1 |    87 |
| Nikhil Raj    |           2 |    83 |
| Rishav Raj    |           3 |    79 |
| Praful        |           2 |    74 |
| Aniket Raj    |           2 |    72 |
| Aditya Sharma |           3 |    70 |
| Nikhil Raj    |           3 |    69 |
| Aniket Raj    |           2 |    61 |
| Praful        |           2 |    54 |
| Aniket Raj    |           3 |    51 |
| Aniket Raj    |           1 |    44 |
| Rishav Raj    |           3 |    42 |
+---------------+-------------+-------+
16 rows in set (0.00 sec)

mysql> select students.student_name,student_alloted_course.course_code,student_alloted_course.marks from students left join student_alloted_course on students.student_id=student_alloted_course.student_id order by student_alloted_course.marks desc student_alloted_course.course_code;
ERROR 1064 (42000): You have an error in your SQL syntax; check the manual that corresponds to your MySQL server version for the right syntax to use near 'student_alloted_course.course_code' at line 1
mysql> select students.student_name,student_alloted_course.course_code,student_alloted_course.marks from students left join student_alloted_course on students.student_id=student_alloted_course.student_id order by student_alloted_course.marks desc, student_alloted_course.course_code;
+---------------+-------------+-------+
| student_name  | course_code | marks |
+---------------+-------------+-------+
| Gaurav Kakade |           3 |    98 |
| Aditya Sharma |           1 |    92 |
| Aniket Raj    |           1 |    90 |
| Aditya Sharma |           3 |    89 |
| Gaurav Kakade |           1 |    87 |
| Nikhil Raj    |           2 |    83 |
| Rishav Raj    |           3 |    79 |
| Praful        |           2 |    74 |
| Aniket Raj    |           2 |    72 |
| Aditya Sharma |           3 |    70 |
| Nikhil Raj    |           3 |    69 |
| Aniket Raj    |           2 |    61 |
| Praful        |           2 |    54 |
| Aniket Raj    |           3 |    51 |
| Aniket Raj    |           1 |    44 |
| Rishav Raj    |           3 |    42 |
+---------------+-------------+-------+
16 rows in set (0.00 sec)

mysql> select students.student_name,student_alloted_course.course_code,student_alloted_course.marks from students left join student_alloted_course on students.student_id=student_alloted_course.student_id order by student_alloted_course.marks desc, student_alloted_course.course_code desc;
+---------------+-------------+-------+
| student_name  | course_code | marks |
+---------------+-------------+-------+
| Gaurav Kakade |           3 |    98 |
| Aditya Sharma |           1 |    92 |
| Aniket Raj    |           1 |    90 |
| Aditya Sharma |           3 |    89 |
| Gaurav Kakade |           1 |    87 |
| Nikhil Raj    |           2 |    83 |
| Rishav Raj    |           3 |    79 |
| Praful        |           2 |    74 |
| Aniket Raj    |           2 |    72 |
| Aditya Sharma |           3 |    70 |
| Nikhil Raj    |           3 |    69 |
| Aniket Raj    |           2 |    61 |
| Praful        |           2 |    54 |
| Aniket Raj    |           3 |    51 |
| Aniket Raj    |           1 |    44 |
| Rishav Raj    |           3 |    42 |
+---------------+-------------+-------+
16 rows in set (0.00 sec)

mysql> select students.student_name,student_alloted_course.course_code,student_alloted_course.marks from students left join student_alloted_course on students.student_id=student_alloted_course.student_id order by student_alloted_course.marks desc, student_alloted_course.course_code desc;
+---------------+-------------+-------+
| student_name  | course_code | marks |
+---------------+-------------+-------+
| Gaurav Kakade |           3 |    98 |
| Aditya Sharma |           1 |    92 |
| Aniket Raj    |           1 |    90 |
| Aditya Sharma |           3 |    89 |
| Gaurav Kakade |           1 |    87 |
| Nikhil Raj    |           2 |    83 |
| Rishav Raj    |           3 |    79 |
| Praful        |           2 |    74 |
| Aniket Raj    |           2 |    72 |
| Aditya Sharma |           3 |    70 |
| Nikhil Raj    |           3 |    69 |
| Aniket Raj    |           2 |    61 |
| Praful        |           2 |    54 |
| Aniket Raj    |           3 |    51 |
| Aniket Raj    |           1 |    44 |
| Rishav Raj    |           3 |    42 |
+---------------+-------------+-------+
16 rows in set (0.00 sec)

mysql> select students.student_name,student_alloted_course.course_code,student_alloted_course.marks from students left join student_alloted_course on students.student_id=student_alloted_course.student_id order by student_alloted_course.course_code desc,student_alloted_course.marks desc;
+---------------+-------------+-------+
| student_name  | course_code | marks |
+---------------+-------------+-------+
| Gaurav Kakade |           3 |    98 |
| Aditya Sharma |           3 |    89 |
| Rishav Raj    |           3 |    79 |
| Aditya Sharma |           3 |    70 |
| Nikhil Raj    |           3 |    69 |
| Aniket Raj    |           3 |    51 |
| Rishav Raj    |           3 |    42 |
| Nikhil Raj    |           2 |    83 |
| Praful        |           2 |    74 |
| Aniket Raj    |           2 |    72 |
| Aniket Raj    |           2 |    61 |
| Praful        |           2 |    54 |
| Aditya Sharma |           1 |    92 |
| Aniket Raj    |           1 |    90 |
| Gaurav Kakade |           1 |    87 |
| Aniket Raj    |           1 |    44 |
+---------------+-------------+-------+
16 rows in set (0.00 sec)

mysql> select students.student_name,student_alloted_course.course_code,student_alloted_course.marks from students left join student_alloted_course on students.student_id=student_alloted_course.student_id order by student_alloted_course.course_code desc,student_alloted_course.marks;
+---------------+-------------+-------+
| student_name  | course_code | marks |
+---------------+-------------+-------+
| Rishav Raj    |           3 |    42 |
| Aniket Raj    |           3 |    51 |
| Nikhil Raj    |           3 |    69 |
| Aditya Sharma |           3 |    70 |
| Rishav Raj    |           3 |    79 |
| Aditya Sharma |           3 |    89 |
| Gaurav Kakade |           3 |    98 |
| Praful        |           2 |    54 |
| Aniket Raj    |           2 |    61 |
| Aniket Raj    |           2 |    72 |
| Praful        |           2 |    74 |
| Nikhil Raj    |           2 |    83 |
| Aniket Raj    |           1 |    44 |
| Gaurav Kakade |           1 |    87 |
| Aniket Raj    |           1 |    90 |
| Aditya Sharma |           1 |    92 |
+---------------+-------------+-------+
16 rows in set (0.00 sec)

mysql> select students.student_name,student_alloted_course.course_code,student_alloted_course.marks from students left join student_alloted_course on students.student_id=student_alloted_course.student_id order by student_alloted_course.course_code desc,student_alloted_course.marks;
+---------------+-------------+-------+
| student_name  | course_code | marks |
+---------------+-------------+-------+
| Rishav Raj    |           3 |    42 |
| Aniket Raj    |           3 |    51 |
| Nikhil Raj    |           3 |    69 |
| Aditya Sharma |           3 |    70 |
| Rishav Raj    |           3 |    79 |
| Aditya Sharma |           3 |    89 |
| Gaurav Kakade |           3 |    98 |
| Praful        |           2 |    54 |
| Aniket Raj    |           2 |    61 |
| Aniket Raj    |           2 |    72 |
| Praful        |           2 |    74 |
| Nikhil Raj    |           2 |    83 |
| Aniket Raj    |           1 |    44 |
| Gaurav Kakade |           1 |    87 |
| Aniket Raj    |           1 |    90 |
| Aditya Sharma |           1 |    92 |
+---------------+-------------+-------+
16 rows in set (0.00 sec)

mysql> select students.student_name,student_alloted_course.course_code,student_alloted_course.marks from students left join student_alloted_course on students.student_id=student_alloted_course.student_id order by student_alloted_course.marks desc,student_alloted_course.course_code desc;
+---------------+-------------+-------+
| student_name  | course_code | marks |
+---------------+-------------+-------+
| Gaurav Kakade |           3 |    98 |
| Aditya Sharma |           1 |    92 |
| Aniket Raj    |           1 |    90 |
| Aditya Sharma |           3 |    89 |
| Gaurav Kakade |           1 |    87 |
| Nikhil Raj    |           2 |    83 |
| Rishav Raj    |           3 |    79 |
| Praful        |           2 |    74 |
| Aniket Raj    |           2 |    72 |
| Aditya Sharma |           3 |    70 |
| Nikhil Raj    |           3 |    69 |
| Aniket Raj    |           2 |    61 |
| Praful        |           2 |    54 |
| Aniket Raj    |           3 |    51 |
| Aniket Raj    |           1 |    44 |
| Rishav Raj    |           3 |    42 |
+---------------+-------------+-------+
16 rows in set (0.00 sec)

mysql> select students.student_name,student_alloted_course.course_code,student_alloted_course.marks from students left join student_alloted_course on students.student_id=student_alloted_course.student_id order by student_alloted_course.marks desc,student_alloted_course.course_code desc group by student_alloted_course.course_code;
ERROR 1064 (42000): You have an error in your SQL syntax; check the manual that corresponds to your MySQL server version for the right syntax to use near 'group by student_alloted_course.course_code' at line 1
mysql> select students.student_name,student_alloted_course.course_code,student_alloted_course.marks from students left join student_alloted_course on students.student_id=student_alloted_course.student_id order by student_alloted_course.marks desc,student_alloted_course.course_code desc group ;
ERROR 1064 (42000): You have an error in your SQL syntax; check the manual that corresponds to your MySQL server version for the right syntax to use near 'group' at line 1
mysql> show tables;
+------------------------+
| Tables_in_academy      |
+------------------------+
| course                 |
| student_alloted_course |
| students               |
+------------------------+
3 rows in set (0.10 sec)

mysql> select * from course;
+-------------+-----------------------+
| course_code | course_name           |
+-------------+-----------------------+
|           1 | Machine Learning      |
|           2 | Business Intelligence |
|           3 | Java Programming      |
+-------------+-----------------------+
3 rows in set (0.00 sec)

mysql> select * from students;
+------------+---------------+
| student_id | student_name  |
+------------+---------------+
|          1 | Aniket Raj    |
|          2 | Nikhil Raj    |
|          3 | Rishav Raj    |
|          4 | Gaurav Kakade |
|          5 | Aditya Sharma |
|          6 | Praful        |
+------------+---------------+
6 rows in set (0.00 sec)

mysql> select * from student_alloted_course;
+-----+-------------+------------+-------+
| ind | course_code | student_id | marks |
+-----+-------------+------------+-------+
|   1 |           2 |          1 |    72 |
|   2 |           1 |          1 |    90 |
|   3 |           3 |          2 |    69 |
|   4 |           3 |          1 |    51 |
|   5 |           2 |          2 |    83 |
|   6 |           1 |          5 |    92 |
|   7 |           3 |          5 |    70 |
|   8 |           2 |          6 |    74 |
|   9 |           1 |          4 |    87 |
|  10 |           3 |          4 |    98 |
|  11 |           3 |          3 |    42 |
|  12 |           2 |          1 |    61 |
|  13 |           3 |          5 |    89 |
|  14 |           2 |          6 |    54 |
|  15 |           1 |          1 |    44 |
|  16 |           3 |          3 |    79 |
+-----+-------------+------------+-------+
16 rows in set (0.00 sec)

mysql> select course_code,max(marks) as mks from student_alloted_course group by course_code;
+-------------+------+
| course_code | mks  |
+-------------+------+
|           1 |   92 |
|           2 |   83 |
|           3 |   98 |
+-------------+------+
3 rows in set (0.00 sec)

mysql> select students.student_name,student_alloted_course.course_code,max(student_alloted_course.marks) as mks from student_alloted_course,students where students_student_id=student_alloted_course.student_id group by student_alloted_course.course_code;
ERROR 1054 (42S22): Unknown column 'students_student_id' in 'where clause'
mysql> select students.student_name,student_alloted_course.course_code,max(student_alloted_course.marks) as mks from student_alloted_course,students where students.student_id=student_alloted_course.student_id group by student_alloted_course.course_code;
+--------------+-------------+------+
| student_name | course_code | mks  |
+--------------+-------------+------+
| Aniket Raj   |           2 |   83 |
| Aniket Raj   |           1 |   92 |
| Aniket Raj   |           3 |   98 |
+--------------+-------------+------+
3 rows in set (0.00 sec)

mysql> select students.student_name,student_alloted_course.course_code,max(student_alloted_course.marks) from student_alloted_course,students where students.student_id=student_alloted_course.student_id group by student_alloted_course.course_code;
+--------------+-------------+-----------------------------------+
| student_name | course_code | max(student_alloted_course.marks) |
+--------------+-------------+-----------------------------------+
| Aniket Raj   |           2 |                                83 |
| Aniket Raj   |           1 |                                92 |
| Aniket Raj   |           3 |                                98 |
+--------------+-------------+-----------------------------------+
3 rows in set (0.00 sec)

mysql> select students.student_name,student_alloted_course.course_code,max(student_alloted_course.marks) from student_alloted_course,students,course where students.student_id=student_alloted_course.student_id  group by student_alloted_course.marks;
+---------------+-------------+-----------------------------------+
| student_name  | course_code | max(student_alloted_course.marks) |
+---------------+-------------+-----------------------------------+
| Aniket Raj    |           2 |                                72 |
| Aniket Raj    |           1 |                                90 |
| Aniket Raj    |           3 |                                51 |
| Aniket Raj    |           2 |                                61 |
| Aniket Raj    |           1 |                                44 |
| Nikhil Raj    |           3 |                                69 |
| Nikhil Raj    |           2 |                                83 |
| Rishav Raj    |           3 |                                42 |
| Rishav Raj    |           3 |                                79 |
| Gaurav Kakade |           1 |                                87 |
| Gaurav Kakade |           3 |                                98 |
| Aditya Sharma |           1 |                                92 |
| Aditya Sharma |           3 |                                70 |
| Aditya Sharma |           3 |                                89 |
| Praful        |           2 |                                74 |
| Praful        |           2 |                                54 |
+---------------+-------------+-----------------------------------+
16 rows in set (0.00 sec)

mysql> select students.student_name,student_alloted_course.course_code,max(student_alloted_course.marks) from student_alloted_course,students,course where students.student_id=student_alloted_course.student_id order by student_alloted_marks group by student_alloted_course.marks;
ERROR 1064 (42000): You have an error in your SQL syntax; check the manual that corresponds to your MySQL server version for the right syntax to use near 'group by student_alloted_course.marks' at line 1
mysql> select students.student_name,student_alloted_course.course_code,max(student_alloted_course.marks) from student_alloted_course,students,course where students.student_id=student_alloted_course.student_id  group by student_alloted_course.marks order by student_alloted_course.marks;
+---------------+-------------+-----------------------------------+
| student_name  | course_code | max(student_alloted_course.marks) |
+---------------+-------------+-----------------------------------+
| Rishav Raj    |           3 |                                42 |
| Aniket Raj    |           1 |                                44 |
| Aniket Raj    |           3 |                                51 |
| Praful        |           2 |                                54 |
| Aniket Raj    |           2 |                                61 |
| Nikhil Raj    |           3 |                                69 |
| Aditya Sharma |           3 |                                70 |
| Aniket Raj    |           2 |                                72 |
| Praful        |           2 |                                74 |
| Rishav Raj    |           3 |                                79 |
| Nikhil Raj    |           2 |                                83 |
| Gaurav Kakade |           1 |                                87 |
| Aditya Sharma |           3 |                                89 |
| Aniket Raj    |           1 |                                90 |
| Aditya Sharma |           1 |                                92 |
| Gaurav Kakade |           3 |                                98 |
+---------------+-------------+-----------------------------------+
16 rows in set (0.00 sec)

mysql> select students.student_name,student_alloted_course.course_code,max(student_alloted_course.marks) from student_alloted_course,students,course where students.student_id=student_alloted_course.student_id  group by student_alloted_course.marks order by student_alloted_course.marks desc;
+---------------+-------------+-----------------------------------+
| student_name  | course_code | max(student_alloted_course.marks) |
+---------------+-------------+-----------------------------------+
| Gaurav Kakade |           3 |                                98 |
| Aditya Sharma |           1 |                                92 |
| Aniket Raj    |           1 |                                90 |
| Aditya Sharma |           3 |                                89 |
| Gaurav Kakade |           1 |                                87 |
| Nikhil Raj    |           2 |                                83 |
| Rishav Raj    |           3 |                                79 |
| Praful        |           2 |                                74 |
| Aniket Raj    |           2 |                                72 |
| Aditya Sharma |           3 |                                70 |
| Nikhil Raj    |           3 |                                69 |
| Aniket Raj    |           2 |                                61 |
| Praful        |           2 |                                54 |
| Aniket Raj    |           3 |                                51 |
| Aniket Raj    |           1 |                                44 |
| Rishav Raj    |           3 |                                42 |
+---------------+-------------+-----------------------------------+
16 rows in set (0.00 sec)

mysql> select students.student_name,student_alloted_course.course_code,max(student_alloted_course.marks) from student_alloted_course,students,course where students.student_id=student_alloted_course.student_id  group by student_alloted_course.marks order by student_alloted_course.marks desc group by student_alloted_course.course_code;
ERROR 1064 (42000): You have an error in your SQL syntax; check the manual that corresponds to your MySQL server version for the right syntax to use near 'group by student_alloted_course.course_code' at line 1
mysql> select students.student_name,student_alloted_course.course_code,max(student_alloted_course.marks) from student_alloted_course,students,course where students.student_id=student_alloted_course.student_id  group by student_alloted_course.marks;
+---------------+-------------+-----------------------------------+
| student_name  | course_code | max(student_alloted_course.marks) |
+---------------+-------------+-----------------------------------+
| Aniket Raj    |           2 |                                72 |
| Aniket Raj    |           1 |                                90 |
| Aniket Raj    |           3 |                                51 |
| Aniket Raj    |           2 |                                61 |
| Aniket Raj    |           1 |                                44 |
| Nikhil Raj    |           3 |                                69 |
| Nikhil Raj    |           2 |                                83 |
| Rishav Raj    |           3 |                                42 |
| Rishav Raj    |           3 |                                79 |
| Gaurav Kakade |           1 |                                87 |
| Gaurav Kakade |           3 |                                98 |
| Aditya Sharma |           1 |                                92 |
| Aditya Sharma |           3 |                                70 |
| Aditya Sharma |           3 |                                89 |
| Praful        |           2 |                                74 |
| Praful        |           2 |                                54 |
+---------------+-------------+-----------------------------------+
16 rows in set (0.00 sec)

mysql> select students.student_name,student_alloted_course.course_code,student_alloted_course.marks from students left join student_alloted_course on students.student_id=student_alloted_course.student_id order by student_alloted_course.marks desc,student_alloted_course.course_code desc;
+---------------+-------------+-------+
| student_name  | course_code | marks |
+---------------+-------------+-------+
| Gaurav Kakade |           3 |    98 |
| Aditya Sharma |           1 |    92 |
| Aniket Raj    |           1 |    90 |
| Aditya Sharma |           3 |    89 |
| Gaurav Kakade |           1 |    87 |
| Nikhil Raj    |           2 |    83 |
| Rishav Raj    |           3 |    79 |
| Praful        |           2 |    74 |
| Aniket Raj    |           2 |    72 |
| Aditya Sharma |           3 |    70 |
| Nikhil Raj    |           3 |    69 |
| Aniket Raj    |           2 |    61 |
| Praful        |           2 |    54 |
| Aniket Raj    |           3 |    51 |
| Aniket Raj    |           1 |    44 |
| Rishav Raj    |           3 |    42 |
+---------------+-------------+-------+
16 rows in set (0.00 sec)

mysql> select students.student_name,student_alloted_course.course_code,student_alloted_course.marks from students inner join student_alloted_course on students.student_id=student_alloted_course.student_id order by student_alloted_course.marks desc,student_alloted_course.course_code desc;
+---------------+-------------+-------+
| student_name  | course_code | marks |
+---------------+-------------+-------+
| Gaurav Kakade |           3 |    98 |
| Aditya Sharma |           1 |    92 |
| Aniket Raj    |           1 |    90 |
| Aditya Sharma |           3 |    89 |
| Gaurav Kakade |           1 |    87 |
| Nikhil Raj    |           2 |    83 |
| Rishav Raj    |           3 |    79 |
| Praful        |           2 |    74 |
| Aniket Raj    |           2 |    72 |
| Aditya Sharma |           3 |    70 |
| Nikhil Raj    |           3 |    69 |
| Aniket Raj    |           2 |    61 |
| Praful        |           2 |    54 |
| Aniket Raj    |           3 |    51 |
| Aniket Raj    |           1 |    44 |
| Rishav Raj    |           3 |    42 |
+---------------+-------------+-------+
16 rows in set (0.00 sec)

mysql> select students.student_name,student_alloted_course.course_code,student_alloted_course.marks from students right join student_alloted_course on students.student_id=student_alloted_course.student_id order by student_alloted_course.marks desc,student_alloted_course.course_code desc;
+---------------+-------------+-------+
| student_name  | course_code | marks |
+---------------+-------------+-------+
| Gaurav Kakade |           3 |    98 |
| Aditya Sharma |           1 |    92 |
| Aniket Raj    |           1 |    90 |
| Aditya Sharma |           3 |    89 |
| Gaurav Kakade |           1 |    87 |
| Nikhil Raj    |           2 |    83 |
| Rishav Raj    |           3 |    79 |
| Praful        |           2 |    74 |
| Aniket Raj    |           2 |    72 |
| Aditya Sharma |           3 |    70 |
| Nikhil Raj    |           3 |    69 |
| Aniket Raj    |           2 |    61 |
| Praful        |           2 |    54 |
| Aniket Raj    |           3 |    51 |
| Aniket Raj    |           1 |    44 |
| Rishav Raj    |           3 |    42 |
+---------------+-------------+-------+
16 rows in set (0.00 sec)

mysql> select students.student_name,student_alloted_course.course_code,student_alloted_course.marks from students cross join student_alloted_course on students.student_id=student_alloted_course.student_id order by student_alloted_course.marks desc,student_alloted_course.course_code desc;
+---------------+-------------+-------+
| student_name  | course_code | marks |
+---------------+-------------+-------+
| Gaurav Kakade |           3 |    98 |
| Aditya Sharma |           1 |    92 |
| Aniket Raj    |           1 |    90 |
| Aditya Sharma |           3 |    89 |
| Gaurav Kakade |           1 |    87 |
| Nikhil Raj    |           2 |    83 |
| Rishav Raj    |           3 |    79 |
| Praful        |           2 |    74 |
| Aniket Raj    |           2 |    72 |
| Aditya Sharma |           3 |    70 |
| Nikhil Raj    |           3 |    69 |
| Aniket Raj    |           2 |    61 |
| Praful        |           2 |    54 |
| Aniket Raj    |           3 |    51 |
| Aniket Raj    |           1 |    44 |
| Rishav Raj    |           3 |    42 |
+---------------+-------------+-------+
16 rows in set (0.00 sec)

mysql> select students.student_name,student_alloted_course.course_code,student_alloted_course.marks from students cross join student_alloted_course on students.student_id=student_alloted_course.student_id group by studen_alloted_course.course_code;
ERROR 1054 (42S22): Unknown column 'studen_alloted_course.course_code' in 'group statement'
mysql> select students.student_name,student_alloted_course.course_code,student_alloted_course.marks from students cross join student_alloted_course on students.student_id=student_alloted_course.student_id group by student_alloted_course.course_code;
+--------------+-------------+-------+
| student_name | course_code | marks |
+--------------+-------------+-------+
| Aniket Raj   |           2 |    72 |
| Aniket Raj   |           1 |    90 |
| Aniket Raj   |           3 |    51 |
+--------------+-------------+-------+
3 rows in set (0.00 sec)

mysql> select students.student_name,student_alloted_course.course_code,student_alloted_course.marks from students cross join student_alloted_course on students.student_id=student_alloted_course.student_id group by student_alloted_course.marks;
+---------------+-------------+-------+
| student_name  | course_code | marks |
+---------------+-------------+-------+
| Aniket Raj    |           2 |    72 |
| Aniket Raj    |           1 |    90 |
| Aniket Raj    |           3 |    51 |
| Aniket Raj    |           2 |    61 |
| Aniket Raj    |           1 |    44 |
| Nikhil Raj    |           3 |    69 |
| Nikhil Raj    |           2 |    83 |
| Rishav Raj    |           3 |    42 |
| Rishav Raj    |           3 |    79 |
| Gaurav Kakade |           1 |    87 |
| Gaurav Kakade |           3 |    98 |
| Aditya Sharma |           1 |    92 |
| Aditya Sharma |           3 |    70 |
| Aditya Sharma |           3 |    89 |
| Praful        |           2 |    74 |
| Praful        |           2 |    54 |
+---------------+-------------+-------+
16 rows in set (0.00 sec)

mysql> select students.student_name,student_alloted_course.course_code,student_alloted_course.marks from students cross join student_alloted_course on students.student_id=student_alloted_course.student_id group by student_alloted_course.marks desc;
ERROR 1064 (42000): You have an error in your SQL syntax; check the manual that corresponds to your MySQL server version for the right syntax to use near 'desc' at line 1
mysql> select students.student_name,student_alloted_course.course_code,student_alloted_course.marks from students cross join student_alloted_course on students.student_id=student_alloted_course.student_id group by student_alloted_course.marks
    -> ;
+---------------+-------------+-------+
| student_name  | course_code | marks |
+---------------+-------------+-------+
| Aniket Raj    |           2 |    72 |
| Aniket Raj    |           1 |    90 |
| Aniket Raj    |           3 |    51 |
| Aniket Raj    |           2 |    61 |
| Aniket Raj    |           1 |    44 |
| Nikhil Raj    |           3 |    69 |
| Nikhil Raj    |           2 |    83 |
| Rishav Raj    |           3 |    42 |
| Rishav Raj    |           3 |    79 |
| Gaurav Kakade |           1 |    87 |
| Gaurav Kakade |           3 |    98 |
| Aditya Sharma |           1 |    92 |
| Aditya Sharma |           3 |    70 |
| Aditya Sharma |           3 |    89 |
| Praful        |           2 |    74 |
| Praful        |           2 |    54 |
+---------------+-------------+-------+
16 rows in set (0.00 sec)

mysql> select course_code,max(marks) as mks from student_alloted_course;
+-------------+------+
| course_code | mks  |
+-------------+------+
|           2 |   98 |
+-------------+------+
1 row in set (0.00 sec)

mysql> select course_code,max(marks) as mks from student_alloted_course group by course_code;
+-------------+------+
| course_code | mks  |
+-------------+------+
|           1 |   92 |
|           2 |   83 |
|           3 |   98 |
+-------------+------+
3 rows in set (0.00 sec)

mysql> select course_code,max(marks) as mks from student_alloted_course group by course_code order by course_code;
+-------------+------+
| course_code | mks  |
+-------------+------+
|           1 |   92 |
|           2 |   83 |
|           3 |   98 |
+-------------+------+
3 rows in set (0.00 sec)

mysql> select s1.course_code,max(s1.marks) as mks,s2.student_name from student_alloted_course s1,students s2 group by course_code order by course_code;
+-------------+------+--------------+
| course_code | mks  | student_name |
+-------------+------+--------------+
|           1 |   92 | Praful       |
|           2 |   83 | Praful       |
|           3 |   98 | Praful       |
+-------------+------+--------------+
3 rows in set (0.00 sec)

mysql> select s1.course_code,max(s1.marks) as mks,s2.student_name from student_alloted_course s1,students s2 where s1.marks=(select max(s1.marks) as mm where s1.student_id=s2.student_id;
ERROR 1064 (42000): You have an error in your SQL syntax; check the manual that corresponds to your MySQL server version for the right syntax to use near '' at line 1
mysql> select s1.course_code,max(s1.marks) as mks,s2.student_name from student_alloted_course s1,students s2 where s1.marks=(select max(s1.marks) where s1.student_id=s2.student_id;
ERROR 1064 (42000): You have an error in your SQL syntax; check the manual that corresponds to your MySQL server version for the right syntax to use near '' at line 1
mysql> select s1.course_code,max(s1.marks) as mks,s2.student_name from student_alloted_course s1,students s2 ;
+-------------+------+--------------+
| course_code | mks  | student_name |
+-------------+------+--------------+
|           2 |   98 | Praful       |
+-------------+------+--------------+
1 row in set (0.00 sec)

mysql> SELECT article, dealer, price
    -> FROM   shop s1
    -> WHERE  price=(SELECT MAX(s2.price)
    ->               FROM shop s2
    ->               WHERE s1.article = s2.article)
    -> ORDER BY article;
ERROR 1146 (42S02): Table 'academy.shop' doesn't exist
mysql>
mysql>
mysql> SELECT course_code, marks
    -> FROM   student_alloted_course s1
    -> WHERE  marks=(SELECT MAX(s2.marks)
    ->               FROM student_alloted_course s2
    ->               WHERE s1.course_code= s2.course_code)
    -> ORDER BY course_code;
+-------------+-------+
| course_code | marks |
+-------------+-------+
|           1 |    92 |
|           2 |    83 |
|           3 |    98 |
+-------------+-------+
3 rows in set (0.00 sec)

mysql>
mysql> SELECT course_code, marks,students.student_name
    -> FROM   student_alloted_course s1
    -> WHERE  marks=(SELECT MAX(s2.marks)
    ->               FROM student_alloted_course s2
    ->               WHERE s1.course_code= s2.course_code)
    -> ORDER BY course_code;
ERROR 1054 (42S22): Unknown column 'students.student_name' in 'field list'
mysql> SELECT course_code, marks,students.student_name
    -> FROM   student_alloted_course s1,students
    -> WHERE  marks=(SELECT MAX(s2.marks)
    ->               FROM student_alloted_course s2
    ->               WHERE s1.course_code= s2.course_code)
    -> ORDER BY course_code;
+-------------+-------+---------------+
| course_code | marks | student_name  |
+-------------+-------+---------------+
|           1 |    92 | Praful        |
|           1 |    92 | Aditya Sharma |
|           1 |    92 | Gaurav Kakade |
|           1 |    92 | Rishav Raj    |
|           1 |    92 | Nikhil Raj    |
|           1 |    92 | Aniket Raj    |
|           2 |    83 | Praful        |
|           2 |    83 | Aditya Sharma |
|           2 |    83 | Gaurav Kakade |
|           2 |    83 | Rishav Raj    |
|           2 |    83 | Nikhil Raj    |
|           2 |    83 | Aniket Raj    |
|           3 |    98 | Praful        |
|           3 |    98 | Aditya Sharma |
|           3 |    98 | Gaurav Kakade |
|           3 |    98 | Rishav Raj    |
|           3 |    98 | Nikhil Raj    |
|           3 |    98 | Aniket Raj    |
+-------------+-------+---------------+
18 rows in set (0.00 sec)

mysql>
mysql> SELECT course_code, marks,students.student_name
    -> FROM   student_alloted_course s1,students
    -> WHERE  marks=(SELECT MAX(s2.marks)
    ->               FROM student_alloted_course s2
    ->               WHERE s1.course_code= s2.course_code)
    -> group BY course_code;
+-------------+-------+--------------+
| course_code | marks | student_name |
+-------------+-------+--------------+
|           2 |    83 | Praful       |
|           1 |    92 | Praful       |
|           3 |    98 | Praful       |
+-------------+-------+--------------+
3 rows in set (0.00 sec)

mysql>
mysql> SELECT course_code, marks,students.student_name
    -> FROM   student_alloted_course s1,students
    -> WHERE  marks=(SELECT MAX(s2.marks)
    ->               FROM student_alloted_course s2
    ->               WHERE s1.course_code= s2.course_code)
    -> group BY course_code;
+-------------+-------+--------------+
| course_code | marks | student_name |
+-------------+-------+--------------+
|           2 |    83 | Praful       |
|           1 |    92 | Praful       |
|           3 |    98 | Praful       |
+-------------+-------+--------------+
3 rows in set (0.01 sec)

mysql> show tables;
+------------------------+
| Tables_in_academy      |
+------------------------+
| course                 |
| student_alloted_course |
| students               |
+------------------------+
3 rows in set (0.00 sec)

mysql> select * from course;
+-------------+-----------------------+
| course_code | course_name           |
+-------------+-----------------------+
|           1 | Machine Learning      |
|           2 | Business Intelligence |
|           3 | Java Programming      |
+-------------+-----------------------+
3 rows in set (0.00 sec)

mysql> select * from students;
+------------+---------------+
| student_id | student_name  |
+------------+---------------+
|          1 | Aniket Raj    |
|          2 | Nikhil Raj    |
|          3 | Rishav Raj    |
|          4 | Gaurav Kakade |
|          5 | Aditya Sharma |
|          6 | Praful        |
+------------+---------------+
6 rows in set (0.00 sec)

mysql> select * from student_Alloted_course;
+-----+-------------+------------+-------+
| ind | course_code | student_id | marks |
+-----+-------------+------------+-------+
|   1 |           2 |          1 |    72 |
|   2 |           1 |          1 |    90 |
|   3 |           3 |          2 |    69 |
|   4 |           3 |          1 |    51 |
|   5 |           2 |          2 |    83 |
|   6 |           1 |          5 |    92 |
|   7 |           3 |          5 |    70 |
|   8 |           2 |          6 |    74 |
|   9 |           1 |          4 |    87 |
|  10 |           3 |          4 |    98 |
|  11 |           3 |          3 |    42 |
|  12 |           2 |          1 |    61 |
|  13 |           3 |          5 |    89 |
|  14 |           2 |          6 |    54 |
|  15 |           1 |          1 |    44 |
|  16 |           3 |          3 |    79 |
+-----+-------------+------------+-------+
16 rows in set (0.00 sec)

mysql> select max(marks) as mks from student_Alloted_course;
+------+
| mks  |
+------+
|   98 |
+------+
1 row in set (0.00 sec)

mysql> select max(marks) as mks from student_Alloted_course group by course_code;
+------+
| mks  |
+------+
|   92 |
|   83 |
|   98 |
+------+
3 rows in set (0.00 sec)

mysql> select student_name s1,max(marks s2) as mks from students s1,student_alloted_course s2;
ERROR 1064 (42000): You have an error in your SQL syntax; check the manual that corresponds to your MySQL server version for the right syntax to use near 's2) as mks from students s1,student_alloted_course s2' at line 1
mysql> select s1.student_name,max(s2.marks) as mks from students s1,student_alloted_course s2 where s1.student_id=s2.student_id;
+--------------+------+
| student_name | mks  |
+--------------+------+
| Aniket Raj   |   98 |
+--------------+------+
1 row in set (0.00 sec)

mysql> select s1.student_name,max(s2.marks) as mks from students s1,student_alloted_course s2 where s1.student_id=s2.student_id group by s2.course_code;
+--------------+------+
| student_name | mks  |
+--------------+------+
| Aniket Raj   |   83 |
| Aniket Raj   |   92 |
| Aniket Raj   |   98 |
+--------------+------+
3 rows in set (0.00 sec)

mysql> select students.student_name,student_alloted_course.marks from students,students_alloted_marks where students.student_id=student_alloted_course.student_id and student_alloted_course.marks=(select max(marks) from student_alloted_course group by course_code);
ERROR 1146 (42S02): Table 'academy.students_alloted_marks' doesn't exist
mysql> select students.student_name,student_alloted_course.marks from students,students_alloted_course where students.student_id=student_alloted_course.student_id and student_alloted_course.marks=(select max(marks) from student_alloted_course group by course_code);
ERROR 1146 (42S02): Table 'academy.students_alloted_course' doesn't exist
mysql> select students.student_name,student_alloted_course.marks from students,student_alloted_course where students.student_id=student_alloted_course.student_id and student_alloted_course.marks=(select max(marks) from student_alloted_course group by course_code);
ERROR 1242 (21000): Subquery returns more than 1 row
mysql> select students.student_name,student_alloted_course.marks from students,student_alloted_course where students.student_id=student_alloted_course.student_id and student_alloted_course.marks in (select max(marks) from student_alloted_course group by course_code);
+---------------+-------+
| student_name  | marks |
+---------------+-------+
| Nikhil Raj    |    83 |
| Gaurav Kakade |    98 |
| Aditya Sharma |    92 |
+---------------+-------+
3 rows in set (0.09 sec)

mysql> select students.student_name,student_alloted_course.marks,stduent_alloted_course.course_code from students,student_alloted_course where students.student_id=student_alloted_course.student_id and student_alloted_course.marks in (select max(marks) from student_alloted_course group by course_code);
ERROR 1054 (42S22): Unknown column 'stduent_alloted_course.course_code' in 'field list'
mysql> select students.student_name,student_alloted_course.marks,student_alloted_course.course_code from students,student_alloted_course where students.student_id=student_alloted_course.student_id and student_alloted_course.marks in (select max(marks) from student_alloted_course group by course_code);
+---------------+-------+-------------+
| student_name  | marks | course_code |
+---------------+-------+-------------+
| Nikhil Raj    |    83 |           2 |
| Gaurav Kakade |    98 |           3 |
| Aditya Sharma |    92 |           1 |
+---------------+-------+-------------+
3 rows in set (0.00 sec)

mysql> select students.student_name,student_alloted_course.marks,student_alloted_course.course_code from students,student_alloted_course where students.student_id=student_alloted_course.student_id and student_alloted_course.marks in (select max(marks) from student_alloted_course group by course_code) order by student_alloted_course.couse_code;
ERROR 1054 (42S22): Unknown column 'student_alloted_course.couse_code' in 'order clause'
mysql> select students.student_name,student_alloted_course.marks,student_alloted_course.course_code from students,student_alloted_course where students.student_id=student_alloted_course.student_id and student_alloted_course.marks in (select max(marks) from student_alloted_course group by course_code) order by student_alloted_course.course_code;
+---------------+-------+-------------+
| student_name  | marks | course_code |
+---------------+-------+-------------+
| Aditya Sharma |    92 |           1 |
| Nikhil Raj    |    83 |           2 |
| Gaurav Kakade |    98 |           3 |
+---------------+-------+-------------+
3 rows in set (0.00 sec)

mysql> select * from students;
+------------+---------------+
| student_id | student_name  |
+------------+---------------+
|          1 | Aniket Raj    |
|          2 | Nikhil Raj    |
|          3 | Rishav Raj    |
|          4 | Gaurav Kakade |
|          5 | Aditya Sharma |
|          6 | Praful        |
+------------+---------------+
6 rows in set (0.00 sec)

mysql>